Component: ARM Compiler 5.06 update 7 (build 960) Tool: armlink [4d3601]

==============================================================================

Section Cross References

    startup_stm32f429_439xx.o(RESET) refers to startup_stm32f429_439xx.o(STACK) for __initial_sp
    startup_stm32f429_439xx.o(RESET) refers to startup_stm32f429_439xx.o(.text) for Reset_Handler
    startup_stm32f429_439xx.o(RESET) refers to stm32f4xx_it.o(i.NMI_Handler) for NMI_Handler
    startup_stm32f429_439xx.o(RESET) refers to stm32f4xx_it.o(i.HardFault_Handler) for HardFault_Handler
    startup_stm32f429_439xx.o(RESET) refers to stm32f4xx_it.o(i.MemManage_Handler) for MemManage_Handler
    startup_stm32f429_439xx.o(RESET) refers to stm32f4xx_it.o(i.BusFault_Handler) for BusFault_Handler
    startup_stm32f429_439xx.o(RESET) refers to stm32f4xx_it.o(i.UsageFault_Handler) for UsageFault_Handler
    startup_stm32f429_439xx.o(RESET) refers to stm32f4xx_it.o(i.SVC_Handler) for SVC_Handler
    startup_stm32f429_439xx.o(RESET) refers to stm32f4xx_it.o(i.DebugMon_Handler) for DebugMon_Handler
    startup_stm32f429_439xx.o(RESET) refers to stm32f4xx_it.o(i.PendSV_Handler) for PendSV_Handler
    startup_stm32f429_439xx.o(RESET) refers to stm32f4xx_it.o(i.SysTick_Handler) for SysTick_Handler
    startup_stm32f429_439xx.o(RESET) refers to stm32f4xx_it.o(i.USART1_IRQHandler) for USART1_IRQHandler
    startup_stm32f429_439xx.o(.text) refers to system_stm32f4xx.o(i.SystemInit) for SystemInit
    startup_stm32f429_439xx.o(.text) refers to entry.o(.ARM.Collect$$$$00000000) for __main
    system_stm32f4xx.o(i.SystemCoreClockUpdate) refers to system_stm32f4xx.o(.data) for SystemCoreClock
    system_stm32f4xx.o(i.SystemInit) refers to system_stm32f4xx.o(i.SetSysClock) for SetSysClock
    stm32f4xx_adc.o(i.ADC_DeInit) refers to stm32f4xx_rcc.o(i.RCC_APB2PeriphResetCmd) for RCC_APB2PeriphResetCmd
    stm32f4xx_can.o(i.CAN_DeInit) refers to stm32f4xx_rcc.o(i.RCC_APB1PeriphResetCmd) for RCC_APB1PeriphResetCmd
    stm32f4xx_can.o(i.CAN_GetITStatus) refers to stm32f4xx_can.o(i.CheckITStatus) for CheckITStatus
    stm32f4xx_cryp.o(i.CRYP_DeInit) refers to stm32f4xx_rcc.o(i.RCC_AHB2PeriphResetCmd) for RCC_AHB2PeriphResetCmd
    stm32f4xx_cryp_aes.o(i.CRYP_AES_CBC) refers to stm32f4xx_cryp.o(i.CRYP_KeyStructInit) for CRYP_KeyStructInit
    stm32f4xx_cryp_aes.o(i.CRYP_AES_CBC) refers to stm32f4xx_cryp.o(i.CRYP_FIFOFlush) for CRYP_FIFOFlush
    stm32f4xx_cryp_aes.o(i.CRYP_AES_CBC) refers to stm32f4xx_cryp.o(i.CRYP_Init) for CRYP_Init
    stm32f4xx_cryp_aes.o(i.CRYP_AES_CBC) refers to stm32f4xx_cryp.o(i.CRYP_KeyInit) for CRYP_KeyInit
    stm32f4xx_cryp_aes.o(i.CRYP_AES_CBC) refers to stm32f4xx_cryp.o(i.CRYP_Cmd) for CRYP_Cmd
    stm32f4xx_cryp_aes.o(i.CRYP_AES_CBC) refers to stm32f4xx_cryp.o(i.CRYP_GetFlagStatus) for CRYP_GetFlagStatus
    stm32f4xx_cryp_aes.o(i.CRYP_AES_CBC) refers to stm32f4xx_cryp.o(i.CRYP_IVInit) for CRYP_IVInit
    stm32f4xx_cryp_aes.o(i.CRYP_AES_CBC) refers to stm32f4xx_cryp.o(i.CRYP_GetCmdStatus) for CRYP_GetCmdStatus
    stm32f4xx_cryp_aes.o(i.CRYP_AES_CBC) refers to stm32f4xx_cryp.o(i.CRYP_DataIn) for CRYP_DataIn
    stm32f4xx_cryp_aes.o(i.CRYP_AES_CBC) refers to stm32f4xx_cryp.o(i.CRYP_DataOut) for CRYP_DataOut
    stm32f4xx_cryp_aes.o(i.CRYP_AES_CCM) refers to stm32f4xx_cryp.o(i.CRYP_KeyStructInit) for CRYP_KeyStructInit
    stm32f4xx_cryp_aes.o(i.CRYP_AES_CCM) refers to stm32f4xx_cryp.o(i.CRYP_FIFOFlush) for CRYP_FIFOFlush
    stm32f4xx_cryp_aes.o(i.CRYP_AES_CCM) refers to stm32f4xx_cryp.o(i.CRYP_KeyInit) for CRYP_KeyInit
    stm32f4xx_cryp_aes.o(i.CRYP_AES_CCM) refers to stm32f4xx_cryp.o(i.CRYP_IVInit) for CRYP_IVInit
    stm32f4xx_cryp_aes.o(i.CRYP_AES_CCM) refers to stm32f4xx_cryp.o(i.CRYP_Init) for CRYP_Init
    stm32f4xx_cryp_aes.o(i.CRYP_AES_CCM) refers to stm32f4xx_cryp.o(i.CRYP_PhaseConfig) for CRYP_PhaseConfig
    stm32f4xx_cryp_aes.o(i.CRYP_AES_CCM) refers to stm32f4xx_cryp.o(i.CRYP_DataIn) for CRYP_DataIn
    stm32f4xx_cryp_aes.o(i.CRYP_AES_CCM) refers to stm32f4xx_cryp.o(i.CRYP_Cmd) for CRYP_Cmd
    stm32f4xx_cryp_aes.o(i.CRYP_AES_CCM) refers to stm32f4xx_cryp.o(i.CRYP_GetCmdStatus) for CRYP_GetCmdStatus
    stm32f4xx_cryp_aes.o(i.CRYP_AES_CCM) refers to stm32f4xx_cryp.o(i.CRYP_GetFlagStatus) for CRYP_GetFlagStatus
    stm32f4xx_cryp_aes.o(i.CRYP_AES_CCM) refers to stm32f4xx_cryp.o(i.CRYP_DataOut) for CRYP_DataOut
    stm32f4xx_cryp_aes.o(i.CRYP_AES_CTR) refers to stm32f4xx_cryp.o(i.CRYP_KeyStructInit) for CRYP_KeyStructInit
    stm32f4xx_cryp_aes.o(i.CRYP_AES_CTR) refers to stm32f4xx_cryp.o(i.CRYP_KeyInit) for CRYP_KeyInit
    stm32f4xx_cryp_aes.o(i.CRYP_AES_CTR) refers to stm32f4xx_cryp.o(i.CRYP_Init) for CRYP_Init
    stm32f4xx_cryp_aes.o(i.CRYP_AES_CTR) refers to stm32f4xx_cryp.o(i.CRYP_IVInit) for CRYP_IVInit
    stm32f4xx_cryp_aes.o(i.CRYP_AES_CTR) refers to stm32f4xx_cryp.o(i.CRYP_FIFOFlush) for CRYP_FIFOFlush
    stm32f4xx_cryp_aes.o(i.CRYP_AES_CTR) refers to stm32f4xx_cryp.o(i.CRYP_Cmd) for CRYP_Cmd
[...]

872 unused section(s) (total 40750 bytes) removed from the image.

==============================================================================

Image Symbol Table

    Local Symbols

    Symbol Name                              Value     Ov Type        Size  Object(Section)

    ../clib/microlib/ctype/ctype.c           0x00000000   Number         0  ctype_c.o ABSOLUTE
    ../clib/microlib/ctype/ctype.c           0x00000000   Number         0  isspace_c.o ABSOLUTE
    ../clib/microlib/division.c              0x00000000   Number         0  uldiv.o ABSOLUTE
    ../clib/microlib/division.c              0x00000000   Number         0  uidiv.o ABSOLUTE
    ../clib/microlib/init/entry.s            0x00000000   Number         0  entry.o ABSOLUTE
    ../clib/microlib/init/entry.s            0x00000000   Number         0  entry10a.o ABSOLUTE
    ../clib/microlib/init/entry.s            0x00000000   Number         0  entry10b.o ABSOLUTE
    ../clib/microlib/init/entry.s            0x00000000   Number         0  entry11a.o ABSOLUTE
    ../clib/microlib/init/entry.s            0x00000000   Number         0  entry11b.o ABSOLUTE
    ../clib/microlib/init/entry.s            0x00000000   Number         0  entry12a.o ABSOLUTE
    ../clib/microlib/init/entry.s            0x00000000   Number         0  entry7b.o ABSOLUTE
    ../clib/microlib/init/entry.s            0x00000000   Number         0  entry12b.o ABSOLUTE
    ../clib/microlib/init/entry.s            0x00000000   Number         0  entry8a.o ABSOLUTE
    ../clib/microlib/init/entry.s            0x00000000   Number         0  entry8b.o ABSOLUTE
    ../clib/microlib/init/entry.s            0x00000000   Number         0  entry7a.o ABSOLUTE
    ../clib/microlib/init/entry.s            0x00000000   Number         0  entry5.o ABSOLUTE
    ../clib/microlib/init/entry.s            0x00000000   Number         0  entry2.o ABSOLUTE
    ../clib/microlib/init/entry.s            0x00000000   Number         0  entry9a.o ABSOLUTE
    ../clib/microlib/init/entry.s            0x00000000   Number         0  entry9b.o ABSOLUTE
    ../clib/microlib/longlong.c              0x00000000   Number         0  llshl.o ABSOLUTE
    ../clib/microlib/longlong.c              0x00000000   Number         0  llsshr.o ABSOLUTE
    ../clib/microlib/longlong.c              0x00000000   Number         0  llushr.o ABSOLUTE
    ../clib/microlib/printf/printf.c         0x00000000   Number         0  printf8.o ABSOLUTE
    ../clib/microlib/printf/printf.c         0x00000000   Number         0  printf3.o ABSOLUTE
    ../clib/microlib/printf/printf.c         0x00000000   Number         0  printf2.o ABSOLUTE
    ../clib/microlib/printf/printf.c         0x00000000   Number         0  printfa.o ABSOLUTE
    ../clib/microlib/printf/printf.c         0x00000000   Number         0  printf1.o ABSOLUTE
    ../clib/microlib/printf/printf.c         0x00000000   Number         0  printf0.o ABSOLUTE
    ../clib/microlib/printf/printf.c         0x00000000   Number         0  printfb.o ABSOLUTE
    ../clib/microlib/printf/printf.c         0x00000000   Number         0  printf6.o ABSOLUTE
    ../clib/microlib/printf/printf.c         0x00000000   Number         0  printf5.o ABSOLUTE
    ../clib/microlib/printf/printf.c         0x00000000   Number         0  printf4.o ABSOLUTE
    ../clib/microlib/printf/printf.c         0x00000000   Number         0  printf7.o ABSOLUTE
    ../clib/microlib/printf/stubs.s          0x00000000   Number         0  stubs.o ABSOLUTE
    ../clib/microlib/stdio/streams.c         0x00000000   Number         0  stdout.o ABSOLUTE
    ../clib/microlib/string/memcmp.c         0x00000000   Number         0  memcmp.o ABSOLUTE
    ../clib/microlib/string/memcpy.c         0x00000000   Number         0  memcpya.o ABSOLUTE
    ../clib/microlib/string/memcpy.c         0x00000000   Number         0  memcpyb.o ABSOLUTE
    ../clib/microlib/string/memset.c         0x00000000   Number         0  memseta.o ABSOLUTE
    ../clib/microlib/string/strchr.c         0x00000000   Number         0  strchr.o ABSOLUTE
    ../clib/microlib/string/strcmp.c         0x00000000   Number         0  strcmp.o ABSOLUTE
    ../clib/microlib/string/strlen.c         0x00000000   Number         0  strlen.o ABSOLUTE
    ../clib/microlib/stubs.s                 0x00000000   Number         0  iusefp.o ABSOLUTE
    ../clib/scanf.c                          0x00000000   Number         0  _sgetc.o ABSOLUTE
    ../clib/scanf.c                          0x00000000   Number         0  scanf_char.o ABSOLUTE
    ../clib/scanf.c                          0x00000000   Number         0  _chval.o ABSOLUTE
    ../clib/scanf.c                          0x00000000   Number         0  _scanf.o ABSOLUTE
    ../clib/scanf.c                          0x00000000   Number         0  scanf_fp.o ABSOLUTE
    ../clib/scanf.c                          0x00000000   Number         0  sscanf.o ABSOLUTE
    ../clib/scanf.c                          0x00000000   Number         0  _scanf_int.o ABSOLUTE
    ../clib/scanf.c                          0x00000000   Number         0  _scanf_longlong.o ABSOLUTE
    ../clib/scanf.c                          0x00000000   Number         0  _scanf_str.o ABSOLUTE
    ../fplib/microlib/d2f.c                  0x00000000   Number         0  d2f.o ABSOLUTE
    ../fplib/microlib/fpadd.c                0x00000000   Number         0  dadd.o ABSOLUTE
    ../fplib/microlib/fpdiv.c                0x00000000   Number         0  ddiv.o ABSOLUTE
    ../fplib/microlib/fpepilogue.c           0x00000000   Number         0  depilogue.o ABSOLUTE
    ../fplib/microlib/fpepilogue.c           0x00000000   Number         0  fepilogue.o ABSOLUTE
    ../fplib/microlib/fpfix.c                0x00000000   Number         0  dfixul.o ABSOLUTE
    ../fplib/microlib/fpflt.c                0x00000000   Number         0  dfltul.o ABSOLUTE
    ../fplib/microlib/fpmul.c                0x00000000   Number         0  dmul.o ABSOLUTE
    ..\Libraries\CMSIS\Device\ST\STM32F4xx\Source\Templates\arm\startup_stm32f429_439xx.s 0x00000000   Number         0  startup_stm32f429_439xx.o ABSOLUTE
    ..\Libraries\CMSIS\Device\ST\STM32F4xx\Source\Templates\system_stm32f4xx.c 0x00000000   Number         0  system_stm32f4xx.o ABSOLUTE
    ..\Libraries\STM32F4xx_StdPeriph_Driver\src\misc.c 0x00000000   Number         0  misc.o ABSOLUTE
    ..\Libraries\STM32F4xx_StdPeriph_Driver\src\stm32f4xx_adc.c 0x00000000   Number         0  stm32f4xx_adc.o ABSOLUTE
    ..\Libraries\STM32F4xx_StdPeriph_Driver\src\stm32f4xx_can.c 0x00000000   Number         0  stm32f4xx_can.o ABSOLUTE
    ..\Libraries\STM32F4xx_StdPeriph_Driver\src\stm32f4xx_cec.c 0x00000000   Number         0  stm32f4xx_cec.o ABSOLUTE
    ..\Libraries\STM32F4xx_StdPeriph_Driver\src\stm32f4xx_crc.c 0x00000000   Number         0  stm32f4xx_crc.o ABSOLUTE
    ..\Libraries\STM32F4xx_StdPeriph_Driver\src\stm32f4xx_cryp.c 0x00000000   Number         0  stm32f4xx_cryp.o ABSOLUTE
    ..\Libraries\STM32F4xx_StdPeriph_Driver\src\stm32f4xx_cryp_aes.c 0x00000000   Number         0  stm32f4xx_cryp_aes.o ABSOLUTE
    ..\Libraries\STM32F4xx_StdPeriph_Driver\src\stm32f4xx_cryp_des.c 0x00000000   Number         0  stm32f4xx_cryp_des.o ABSOLUTE
    ..\Libraries\STM32F4xx_StdPeriph_Driver\src\stm32f4xx_cryp_tdes.c 0x00000000   Number         0  stm32f4xx_cryp_tdes.o ABSOLUTE
    ..\Libraries\STM32F4xx_StdPeriph_Driver\src\stm32f4xx_dac.c 0x00000000   Number         0  stm32f4xx_dac.o ABSOLUTE
    ..\Libraries\STM32F4xx_StdPeriph_Driver\src\stm32f4xx_dbgmcu.c 0x00000000   Number         0  stm32f4xx_dbgmcu.o ABSOLUTE
    ..\Libraries\STM32F4xx_StdPeriph_Driver\src\stm32f4xx_dcmi.c 0x00000000   Number         0  stm32f4xx_dcmi.o ABSOLUTE
    ..\Libraries\STM32F4xx_StdPeriph_Driver\src\stm32f4xx_dfsdm.c 0x00000000   Number         0  stm32f4xx_dfsdm.o ABSOLUTE
    ..\Libraries\STM32F4xx_StdPeriph_Driver\src\stm32f4xx_dma.c 0x00000000   Number         0  stm32f4xx_dma.o ABSOLUTE
    ..\Libraries\STM32F4xx_StdPeriph_Driver\src\stm32f4xx_dma2d.c 0x00000000   Number         0  stm32f4xx_dma2d.o ABSOLUTE
    ..\Libraries\STM32F4xx_StdPeriph_Driver\src\stm32f4xx_dsi.c 0x00000000   Number         0  stm32f4xx_dsi.o ABSOLUTE
    ..\Libraries\STM32F4xx_StdPeriph_Driver\src\stm32f4xx_exti.c 0x00000000   Number         0  stm32f4xx_exti.o ABSOLUTE
    ..\Libraries\STM32F4xx_StdPeriph_Driver\src\stm32f4xx_flash.c 0x00000000   Number         0  stm32f4xx_flash.o ABSOLUTE
    ..\Libraries\STM32F4xx_StdPeriph_Driver\src\stm32f4xx_flash_ramfunc.c 0x00000000   Number         0  stm32f4xx_flash_ramfunc.o ABSOLUTE
    ..\Libraries\STM32F4xx_StdPeriph_Driver\src\stm32f4xx_fmc.c 0x00000000   Number         0  stm32f4xx_fmc.o ABSOLUTE
    ..\Libraries\STM32F4xx_StdPeriph_Driver\src\stm32f4xx_fmpi2c.c 0x00000000   Number         0  stm32f4xx_fmpi2c.o ABSOLUTE
    ..\Libraries\STM32F4xx_StdPeriph_Driver\src\stm32f4xx_gpio.c 0x00000000   Number         0  stm32f4xx_gpio.o ABSOLUTE
    ..\Libraries\STM32F4xx_StdPeriph_Driver\src\stm32f4xx_hash.c 0x00000000   Number         0  stm32f4xx_hash.o ABSOLUTE
    ..\Libraries\STM32F4xx_StdPeriph_Driver\src\stm32f4xx_hash_md5.c 0x00000000   Number         0  stm32f4xx_hash_md5.o ABSOLUTE
    ..\Libraries\STM32F4xx_StdPeriph_Driver\src\stm32f4xx_hash_sha1.c 0x00000000   Number         0  stm32f4xx_hash_sha1.o ABSOLUTE
    ..\Libraries\STM32F4xx_StdPeriph_Driver\src\stm32f4xx_i2c.c 0x00000000   Number         0  stm32f4xx_i2c.o ABSOLUTE
    ..\Libraries\STM32F4xx_StdPeriph_Driver\src\stm32f4xx_iwdg.c 0x00000000   Number         0  stm32f4xx_iwdg.o ABSOLUTE
    ..\Libraries\STM32F4xx_StdPeriph_Driver\src\stm32f4xx_lptim.c 0x00000000   Number         0  stm32f4xx_lptim.o ABSOLUTE
    ..\Libraries\STM32F4xx_StdPeriph_Driver\src\stm32f4xx_ltdc.c 0x00000000   Number         0  stm32f4xx_ltdc.o ABSOLUTE
    ..\Libraries\STM32F4xx_StdPeriph_Driver\src\stm32f4xx_pwr.c 0x00000000   Number         0  stm32f4xx_pwr.o ABSOLUTE
    ..\Libraries\STM32F4xx_StdPeriph_Driver\src\stm32f4xx_qspi.c 0x00000000   Number         0  stm32f4xx_qspi.o ABSOLUTE
    ..\Libraries\STM32F4xx_StdPeriph_Driver\src\stm32f4xx_rcc.c 0x00000000   Number         0  stm32f4xx_rcc.o ABSOLUTE
    ..\Libraries\STM32F4xx_StdPeriph_Driver\src\stm32f4xx_rng.c 0x00000000   Number         0  stm32f4xx_rng.o ABSOLUTE
    ..\Libraries\STM32F4xx_StdPeriph_Driver\src\stm32f4xx_rtc.c 0x00000000   Number         0  stm32f4xx_rtc.o ABSOLUTE
    ..\Libraries\STM32F4xx_StdPeriph_Driver\src\stm32f4xx_sai.c 0x00000000   Number         0  stm32f4xx_sai.o ABSOLUTE
    ..\Libraries\STM32F4xx_StdPeriph_Driver\src\stm32f4xx_sdio.c 0x00000000   Number         0  stm32f4xx_sdio.o ABSOLUTE
    ..\Libraries\STM32F4xx_StdPeriph_Driver\src\stm32f4xx_spdifrx.c 0x00000000   Number         0  stm32f4xx_spdifrx.o ABSOLUTE
    ..\Libraries\STM32F4xx_StdPeriph_Driver\src\stm32f4xx_spi.c 0x00000000   Number         0  stm32f4xx_spi.o ABSOLUTE
    ..\Libraries\STM32F4xx_StdPeriph_Driver\src\stm32f4xx_syscfg.c 0x00000000   Number         0  stm32f4xx_syscfg.o ABSOLUTE
    ..\Libraries\STM32F4xx_StdPeriph_Driver\src\stm32f4xx_tim.c 0x00000000   Number         0  stm32f4xx_tim.o ABSOLUTE
    ..\Libraries\STM32F4xx_StdPeriph_Driver\src\stm32f4xx_usart.c 0x00000000   Number         0  stm32f4xx_usart.o ABSOLUTE
    ..\Libraries\STM32F4xx_StdPeriph_Driver\src\stm32f4xx_wwdg.c 0x00000000   Number         0  stm32f4xx_wwdg.o ABSOLUTE
    ..\User\FATFS\diskio.c                   0x00000000   Number         0  diskio.o ABSOLUTE
    ..\User\FATFS\ff.c                       0x00000000   Number         0  ff.o ABSOLUTE
    ..\User\FATFS\ffsystem.c                 0x00000000   Number         0  ffsystem.o ABSOLUTE
    ..\User\FATFS\ffunicode.c                0x00000000   Number         0  ffunicode.o ABSOLUTE
    ..\User\LED\bsp_led.c                    0x00000000   Number         0  bsp_led.o ABSOLUTE
    ..\User\SPI\bsp_spi.c                    0x00000000   Number         0  bsp_spi.o ABSOLUTE
    ..\User\USART\bsp_usart.c                0x00000000   Number         0  bsp_usart.o ABSOLUTE
    ..\User\main.c                           0x00000000   Number         0  main.o ABSOLUTE
    ..\User\stm32f4xx_it.c                   0x00000000   Number         0  stm32f4xx_it.o ABSOLUTE
    ..\\Libraries\\CMSIS\\Device\\ST\\STM32F4xx\\Source\\Templates\\system_stm32f4xx.c 0x00000000   Number         0  system_stm32f4xx.o ABSOLUTE
    ..\\Libraries\\STM32F4xx_StdPeriph_Driver\\src\\misc.c 0x00000000   Number         0  misc.o ABSOLUTE
    ..\\Libraries\\STM32F4xx_StdPeriph_Driver\\src\\stm32f4xx_adc.c 0x00000000   Number         0  stm32f4xx_adc.o ABSOLUTE
    ..\\Libraries\\STM32F4xx_StdPeriph_Driver\\src\\stm32f4xx_can.c 0x00000000   Number         0  stm32f4xx_can.o ABSOLUTE
    ..\\Libraries\\STM32F4xx_StdPeriph_Driver\\src\\stm32f4xx_cec.c 0x00000000   Number         0  stm32f4xx_cec.o ABSOLUTE
    ..\\Libraries\\STM32F4xx_StdPeriph_Driver\\src\\stm32f4xx_crc.c 0x00000000   Number         0  stm32f4xx_crc.o ABSOLUTE
    ..\\Libraries\\STM32F4xx_StdPeriph_Driver\\src\\stm32f4xx_cryp.c 0x00000000   Number         0  stm32f4xx_cryp.o ABSOLUTE
    ..\\Libraries\\STM32F4xx_StdPeriph_Driver\\src\\stm32f4xx_cryp_aes.c 0x00000000   Number         0  stm32f4xx_cryp_aes.o ABSOLUTE
    ..\\Libraries\\STM32F4xx_StdPeriph_Driver\\src\\stm32f4xx_cryp_des.c 0x00000000   Number         0  stm32f4xx_cryp_des.o ABSOLUTE
    ..\\Libraries\\STM32F4xx_StdPeriph_Driver\\src\\stm32f4xx_cryp_tdes.c 0x00000000   Number         0  stm32f4xx_cryp_tdes.o ABSOLUTE
    ..\\Libraries\\STM32F4xx_StdPeriph_Driver\\src\\stm32f4xx_dac.c 0x00000000   Number         0  stm32f4xx_dac.o ABSOLUTE
    ..\\Libraries\\STM32F4xx_StdPeriph_Driver\\src\\stm32f4xx_dbgmcu.c 0x00000000   Number         0  stm32f4xx_dbgmcu.o ABSOLUTE
    ..\\Libraries\\STM32F4xx_StdPeriph_Driver\\src\\stm32f4xx_dcmi.c 0x00000000   Number         0  stm32f4xx_dcmi.o ABSOLUTE
    ..\\Libraries\\STM32F4xx_StdPeriph_Driver\\src\\stm32f4xx_dfsdm.c 0x00000000   Number         0  stm32f4xx_dfsdm.o ABSOLUTE
    ..\\Libraries\\STM32F4xx_StdPeriph_Driver\\src\\stm32f4xx_dma.c 0x00000000   Number         0  stm32f4xx_dma.o ABSOLUTE
    ..\\Libraries\\STM32F4xx_StdPeriph_Driver\\src\\stm32f4xx_dma2d.c 0x00000000   Number         0  stm32f4xx_dma2d.o ABSOLUTE
    ..\\Libraries\\STM32F4xx_StdPeriph_Driver\\src\\stm32f4xx_dsi.c 0x00000000   Number         0  stm32f4xx_dsi.o ABSOLUTE
    ..\\Libraries\\STM32F4xx_StdPeriph_Driver\\src\\stm32f4xx_exti.c 0x00000000   Number         0  stm32f4xx_exti.o ABSOLUTE
    ..\\Libraries\\STM32F4xx_StdPeriph_Driver\\src\\stm32f4xx_flash.c 0x00000000   Number         0  stm32f4xx_flash.o ABSOLUTE
    ..\\Libraries\\STM32F4xx_StdPeriph_Driver\\src\\stm32f4xx_flash_ramfunc.c 0x00000000   Number         0  stm32f4xx_flash_ramfunc.o ABSOLUTE
    ..\\Libraries\\STM32F4xx_StdPeriph_Driver\\src\\stm32f4xx_fmc.c 0x00000000   Number         0  stm32f4xx_fmc.o ABSOLUTE
    ..\\Libraries\\STM32F4xx_StdPeriph_Driver\\src\\stm32f4xx_fmpi2c.c 0x00000000   Number         0  stm32f4xx_fmpi2c.o ABSOLUTE
    ..\\Libraries\\STM32F4xx_StdPeriph_Driver\\src\\stm32f4xx_gpio.c 0x00000000   Number         0  stm32f4xx_gpio.o ABSOLUTE
    ..\\Libraries\\STM32F4xx_StdPeriph_Driver\\src\\stm32f4xx_hash.c 0x00000000   Number         0  stm32f4xx_hash.o ABSOLUTE
    ..\\Libraries\\STM32F4xx_StdPeriph_Driver\\src\\stm32f4xx_hash_md5.c 0x00000000   Number         0  stm32f4xx_hash_md5.o ABSOLUTE
    ..\\Libraries\\STM32F4xx_StdPeriph_Driver\\src\\stm32f4xx_hash_sha1.c 0x00000000   Number         0  stm32f4xx_hash_sha1.o ABSOLUTE
    ..\\Libraries\\STM32F4xx_StdPeriph_Driver\\src\\stm32f4xx_i2c.c 0x00000000   Number         0  stm32f4xx_i2c.o ABSOLUTE
    ..\\Libraries\\STM32F4xx_StdPeriph_Driver\\src\\stm32f4xx_iwdg.c 0x00000000   Number         0  stm32f4xx_iwdg.o ABSOLUTE
    ..\\Libraries\\STM32F4xx_StdPeriph_Driver\\src\\stm32f4xx_lptim.c 0x00000000   Number         0  stm32f4xx_lptim.o ABSOLUTE
    ..\\Libraries\\STM32F4xx_StdPeriph_Driver\\src\\stm32f4xx_ltdc.c 0x00000000   Number         0  stm32f4xx_ltdc.o ABSOLUTE
    ..\\Libraries\\STM32F4xx_StdPeriph_Driver\\src\\stm32f4xx_pwr.c 0x00000000   Number         0  stm32f4xx_pwr.o ABSOLUTE
    ..\\Libraries\\STM32F4xx_StdPeriph_Driver\\src\\stm32f4xx_qspi.c 0x00000000   Number         0  stm32f4xx_qspi.o ABSOLUTE
    ..\\Libraries\\STM32F4xx_StdPeriph_Driver\\src\\stm32f4xx_rcc.c 0x00000000   Number         0  stm32f4xx_rcc.o ABSOLUTE
    ..\\Libraries\\STM32F4xx_StdPeriph_Driver\\src\\stm32f4xx_rng.c 0x00000000   Number         0  stm32f4xx_rng.o ABSOLUTE
    ..\\Libraries\\STM32F4xx_StdPeriph_Driver\\src\\stm32f4xx_rtc.c 0x00000000   Number         0  stm32f4xx_rtc.o ABSOLUTE
    ..\\Libraries\\STM32F4xx_StdPeriph_Driver\\src\\stm32f4xx_sai.c 0x00000000   Number         0  stm32f4xx_sai.o ABSOLUTE
    ..\\Libraries\\STM32F4xx_StdPeriph_Driver\\src\\stm32f4xx_sdio.c 0x00000000   Number         0  stm32f4xx_sdio.o ABSOLUTE
    ..\\Libraries\\STM32F4xx_StdPeriph_Driver\\src\\stm32f4xx_spdifrx.c 0x00000000   Number         0  stm32f4xx_spdifrx.o ABSOLUTE
    ..\\Libraries\\STM32F4xx_StdPeriph_Driver\\src\\stm32f4xx_spi.c 0x00000000   Number         0  stm32f4xx_spi.o ABSOLUTE
    ..\\Libraries\\STM32F4xx_StdPeriph_Driver\\src\\stm32f4xx_syscfg.c 0x00000000   Number         0  stm32f4xx_syscfg.o ABSOLUTE
    ..\\Libraries\\STM32F4xx_StdPeriph_Driver\\src\\stm32f4xx_tim.c 0x00000000   Number         0  stm32f4xx_tim.o ABSOLUTE
    ..\\Libraries\\STM32F4xx_StdPeriph_Driver\\src\\stm32f4xx_usart.c 0x00000000   Number         0  stm32f4xx_usart.o ABSOLUTE
    ..\\Libraries\\STM32F4xx_StdPeriph_Driver\\src\\stm32f4xx_wwdg.c 0x00000000   Number         0  stm32f4xx_wwdg.o ABSOLUTE
    ..\\User\\FATFS\\diskio.c                0x00000000   Number         0  diskio.o ABSOLUTE
    ..\\User\\LED\\bsp_led.c                 0x00000000   Number         0  bsp_led.o ABSOLUTE
    ..\\User\\SPI\\bsp_spi.c                 0x00000000   Number         0  bsp_spi.o ABSOLUTE
    ..\\User\\USART\\bsp_usart.c             0x00000000   Number         0  bsp_usart.o ABSOLUTE
    ..\\User\\main.c                         0x00000000   Number         0  main.o ABSOLUTE
    ..\\User\\stm32f4xx_it.c                 0x00000000   Number         0  stm32f4xx_it.o ABSOLUTE
    cdrcmple.s                               0x00000000   Number         0  cdrcmple.o ABSOLUTE
    dc.s                                     0x00000000   Number         0  dc.o ABSOLUTE
    handlers.s                               0x00000000   Number         0  handlers.o ABSOLUTE
    init.s                                   0x00000000   Number         0  init.o ABSOLUTE
    RESET                                    0x08000000   Section      428  startup_stm32f429_439xx.o(RESET)
    .ARM.Collect$$$$00000000                 0x080001ac   Section        0  entry.o(.ARM.Collect$$$$00000000)
    .ARM.Collect$$$$00000001                 0x080001ac   Section        4  entry2.o(.ARM.Collect$$$$00000001)
    .ARM.Collect$$$$00000004                 0x080001b0   Section        4  entry5.o(.ARM.Collect$$$$00000004)
    .ARM.Collect$$$$00000008                 0x080001b4   Section        0  entry7b.o(.ARM.Collect$$$$00000008)
    .ARM.Collect$$$$0000000A                 0x080001b4   Section        0  entry8b.o(.ARM.Collect$$$$0000000A)
    .ARM.Collect$$$$0000000B                 0x080001b4   Section        8  entry9a.o(.ARM.Collect$$$$0000000B)
    .ARM.Collect$$$$0000000E                 0x080001bc   Section        4  entry12b.o(.ARM.Collect$$$$0000000E)
    .ARM.Collect$$$$0000000F                 0x080001c0   Section        0  entry10a.o(.ARM.Collect$$$$0000000F)
    .ARM.Collect$$$$00000011                 0x080001c0   Section        0  entry11a.o(.ARM.Collect$$$$00000011)
    .ARM.Collect$$$$00002712                 0x080001c0   Section        4  entry2.o(.ARM.Collect$$$$00002712)
    __lit__00000000                          0x080001c0   Data           4  entry2.o(.ARM.Collect$$$$00002712)
    .text                                    0x080001c4   Section       36  startup_stm32f429_439xx.o(.text)
    $v0                                      0x080001c4   Number         0  startup_stm32f429_439xx.o(.text)
    .text                                    0x080001e8   Section        0  memcpya.o(.text)
    .text                                    0x0800020c   Section        0  memseta.o(.text)
    .text                                    0x08000230   Section        0  strchr.o(.text)
    .text                                    0x08000244   Section        0  strcmp.o(.text)
    .text                                    0x08000260   Section        0  memcmp.o(.text)
    .text                                    0x0800027c   Section        0  sscanf.o(.text)
    .text                                    0x080002b4   Section        0  uidiv.o(.text)
    .text                                    0x080002e0   Section        0  _scanf_longlong.o(.text)
    .text                                    0x08000436   Section        0  _scanf_int.o(.text)
    .text                                    0x08000582   Section        0  _scanf_str.o(.text)
    .text                                    0x08000664   Section        0  scanf_fp.o(.text)
    _fp_value                                0x08000665   Thumb Code   296  scanf_fp.o(.text)
    .text                                    0x080009c4   Section        0  scanf_char.o(.text)
    _scanf_char_input                        0x080009c5   Thumb Code    12  scanf_char.o(.text)
    .text                                    0x080009ec   Section        0  _sgetc.o(.text)
    .text                                    0x08000a2c   Section        0  iusefp.o(.text)
    .text                                    0x08000a2c   Section        0  dmul.o(.text)
    .text                                    0x08000b10   Section        0  ddiv.o(.text)
    .text                                    0x08000bf0   Section       36  init.o(.text)
    .text                                    0x08000c14   Section        0  llshl.o(.text)
    .text                                    0x08000c32   Section        0  llushr.o(.text)
    .text                                    0x08000c52   Section        0  isspace_c.o(.text)
    .text                                    0x08000c5c   Section        0  _chval.o(.text)
    .text                                    0x08000c78   Section        0  _scanf.o(.text)
    .text                                    0x08000fa8   Section        0  depilogue.o(.text)
    .text                                    0x08001062   Section        0  dfltul.o(.text)
    .text                                    0x0800107a   Section        0  d2f.o(.text)
    .text                                    0x080010b4   Section        0  ctype_c.o(.text)
    .text                                    0x080010dc   Section        0  fepilogue.o(.text)
    i.BusFault_Handler                       0x0800114a   Section        0  stm32f4xx_it.o(i.BusFault_Handler)
    i.DebugMon_Handler                       0x0800114e   Section        0  stm32f4xx_it.o(i.DebugMon_Handler)
    i.FLASH_Read_MutiData                    0x08001150   Section        0  bsp_spi.o(i.FLASH_Read_MutiData)
    i.FLASH_Write_MutiData                   0x080011a4   Section        0  bsp_spi.o(i.FLASH_Write_MutiData)
    i.Flash_Erase_Sector                     0x0800129c   Section        0  bsp_spi.o(i.Flash_Erase_Sector)
    i.Flash_GPIO_Init                        0x080012e0   Section        0  bsp_spi.o(i.Flash_GPIO_Init)
    i.Flash_Init                             0x08001360   Section        0  bsp_spi.o(i.Flash_Init)
    i.Flash_Read_WRITE_JEDEC_ID              0x0800136c   Section        0  bsp_spi.o(i.Flash_Read_WRITE_JEDEC_ID)
    i.Flash_Release_Power_Down               0x080013a4   Section        0  bsp_spi.o(i.Flash_Release_Power_Down)
    i.Flash_SPI_Init                         0x080013e0   Section        0  bsp_spi.o(i.Flash_SPI_Init)
    i.Flash_Wait_For_Ready                   0x08001448   Section        0  bsp_spi.o(i.Flash_Wait_For_Ready)
    i.Flash_Write_Data                       0x0800147c   Section        0  bsp_spi.o(i.Flash_Write_Data)
    i.Flash_Write_Enable                     0x080014e0   Section        0  bsp_spi.o(i.Flash_Write_Enable)
    i.GPIO_Init                              0x08001500   Section        0  stm32f4xx_gpio.o(i.GPIO_Init)
    i.GPIO_Initial_API                       0x08001590   Section        0  bsp_led.o(i.GPIO_Initial_API)
    i.GPIO_PinAFConfig                       0x080015c0   Section        0  stm32f4xx_gpio.o(i.GPIO_PinAFConfig)
    i.GPIO_ResetBits                         0x08001606   Section        0  stm32f4xx_gpio.o(i.GPIO_ResetBits)
    i.GPIO_SetBits                           0x0800160a   Section        0  stm32f4xx_gpio.o(i.GPIO_SetBits)
    i.GPIO_USART_Init                        0x0800160e   Section        0  bsp_usart.o(i.GPIO_USART_Init)
    GPIO_USART_Init                          0x0800160f   Thumb Code    40  bsp_usart.o(i.GPIO_USART_Init)
    i.GPIO_flash_Init                        0x08001638   Section        0  bsp_led.o(i.GPIO_flash_Init)
    i.HardFault_Handler                      0x08001668   Section        0  stm32f4xx_it.o(i.HardFault_Handler)
    i.MemManage_Handler                      0x0800166c   Section        0  stm32f4xx_it.o(i.MemManage_Handler)
    i.NMI_Handler                            0x08001670   Section        0  stm32f4xx_it.o(i.NMI_Handler)
    i.NVIC_Init                              0x08001674   Section        0  misc.o(i.NVIC_Init)
    i.NVIC_Init_Config                       0x080016ec   Section        0  bsp_usart.o(i.NVIC_Init_Config)
    i.NVIC_PriorityGroupConfig               0x0800172c   Section        0  misc.o(i.NVIC_PriorityGroupConfig)
    i.PendSV_Handler                         0x08001740   Section        0  stm32f4xx_it.o(i.PendSV_Handler)
    i.RCC_AHB1PeriphClockCmd                 0x08001744   Section        0  stm32f4xx_rcc.o(i.RCC_AHB1PeriphClockCmd)
    i.RCC_APB2PeriphClockCmd                 0x08001764   Section        0  stm32f4xx_rcc.o(i.RCC_APB2PeriphClockCmd)
    i.RCC_GetClocksFreq                      0x08001784   Section        0  stm32f4xx_rcc.o(i.RCC_GetClocksFreq)
    i.SPI_Cmd                                0x0800186c   Section        0  stm32f4xx_spi.o(i.SPI_Cmd)
    i.SPI_FLASH_ReadByte                     0x08001884   Section        0  bsp_spi.o(i.SPI_FLASH_ReadByte)
    SPI_FLASH_ReadByte                       0x08001885   Thumb Code    10  bsp_spi.o(i.SPI_FLASH_ReadByte)
    i.SPI_FLASH_SendByte                     0x08001890   Section        0  bsp_spi.o(i.SPI_FLASH_SendByte)
    SPI_FLASH_SendByte                       0x08001891   Thumb Code    50  bsp_spi.o(i.SPI_FLASH_SendByte)
    i.SPI_I2S_GetFlagStatus                  0x080018c8   Section        0  stm32f4xx_spi.o(i.SPI_I2S_GetFlagStatus)
    i.SPI_I2S_ReceiveData                    0x080018da   Section        0  stm32f4xx_spi.o(i.SPI_I2S_ReceiveData)
    i.SPI_I2S_SendData                       0x080018e0   Section        0  stm32f4xx_spi.o(i.SPI_I2S_SendData)
    i.SPI_Init                               0x080018e4   Section        0  stm32f4xx_spi.o(i.SPI_Init)
    i.SVC_Handler                            0x08001920   Section        0  stm32f4xx_it.o(i.SVC_Handler)
    i.SetSysClock                            0x08001924   Section        0  system_stm32f4xx.o(i.SetSysClock)
    SetSysClock                              0x08001925   Thumb Code   272  system_stm32f4xx.o(i.SetSysClock)
    i.SysTick_Handler                        0x08001a44   Section        0  stm32f4xx_it.o(i.SysTick_Handler)
    i.SystemInit                             0x08001a48   Section        0  system_stm32f4xx.o(i.SystemInit)
    i.USART1_IRQHandler                      0x08001ab0   Section        0  stm32f4xx_it.o(i.USART1_IRQHandler)
    i.USART_CFG                              0x08001adc   Section        0  bsp_usart.o(i.USART_CFG)
    i.USART_Cmd                              0x08001b3c   Section        0  stm32f4xx_usart.o(i.USART_Cmd)
    i.USART_GetFlagStatus                    0x08001b54   Section        0  stm32f4xx_usart.o(i.USART_GetFlagStatus)
    i.USART_ITConfig                         0x08001b6e   Section        0  stm32f4xx_usart.o(i.USART_ITConfig)
    i.USART_Init                             0x08001bb8   Section        0  stm32f4xx_usart.o(i.USART_Init)
    i.USART_Init_Config                      0x08001c8c   Section        0  bsp_usart.o(i.USART_Init_Config)
    USART_Init_Config                        0x08001c8d   Thumb Code    44  bsp_usart.o(i.USART_Init_Config)
    i.USART_ReceiveData                      0x08001cbc   Section        0  stm32f4xx_usart.o(i.USART_ReceiveData)
    i.USART_SendData                         0x08001cc6   Section        0  stm32f4xx_usart.o(i.USART_SendData)
    i.UsageFault_Handler                     0x08001cce   Section        0  stm32f4xx_it.o(i.UsageFault_Handler)
    i.__0printf$3                            0x08001cd4   Section        0  printf3.o(i.__0printf$3)
    i.__scatterload_copy                     0x08001cf4   Section       14  handlers.o(i.__scatterload_copy)
    i.__scatterload_null                     0x08001d02   Section        2  handlers.o(i.__scatterload_null)
    i.__scatterload_zeroinit                 0x08001d04   Section       14  handlers.o(i.__scatterload_zeroinit)
    i._is_digit                              0x08001d12   Section        0  scanf_fp.o(i._is_digit)
    i._printf_core                           0x08001d20   Section        0  printf3.o(i._printf_core)
    _printf_core                             0x08001d21   Thumb Code   436  printf3.o(i._printf_core)
    i.check_fs                               0x08001ed8   Section        0  ff.o(i.check_fs)
    check_fs                                 0x08001ed9   Thumb Code   210  ff.o(i.check_fs)
    i.clst2sect                              0x08001fb8   Section        0  ff.o(i.clst2sect)
    clst2sect                                0x08001fb9   Thumb Code    26  ff.o(i.clst2sect)
    i.cmd_receive                            0x08001fd4   Section        0  bsp_usart.o(i.cmd_receive)
    i.cmp_lfn                                0x08002018   Section        0  ff.o(i.cmp_lfn)
    cmp_lfn                                  0x08002019   Thumb Code   148  ff.o(i.cmp_lfn)
    i.console_cmd                            0x080020b0   Section        0  bsp_usart.o(i.console_cmd)
    i.create_chain                           0x080021f8   Section        0  ff.o(i.create_chain)
    create_chain                             0x080021f9   Thumb Code   288  ff.o(i.create_chain)
    i.create_name                            0x08002318   Section        0  ff.o(i.create_name)
    create_name                              0x08002319   Thumb Code   592  ff.o(i.create_name)
    i.create_partition                       0x08002580   Section        0  ff.o(i.create_partition)
    create_partition                         0x08002581   Thumb Code   346  ff.o(i.create_partition)
    i.dbc_1st                                0x080026da   Section        0  ff.o(i.dbc_1st)
    dbc_1st                                  0x080026db   Thumb Code    12  ff.o(i.dbc_1st)
    i.dbc_2nd                                0x080026e6   Section        0  ff.o(i.dbc_2nd)
    dbc_2nd                                  0x080026e7   Thumb Code    12  ff.o(i.dbc_2nd)
    i.dir_alloc                              0x080026f2   Section        0  ff.o(i.dir_alloc)
    dir_alloc                                0x080026f3   Thumb Code    96  ff.o(i.dir_alloc)
    i.dir_clear                              0x08002752   Section        0  ff.o(i.dir_clear)
    dir_clear                                0x08002753   Thumb Code    94  ff.o(i.dir_clear)
    i.dir_find                               0x080027b0   Section        0  ff.o(i.dir_find)
    dir_find                                 0x080027b1   Thumb Code   252  ff.o(i.dir_find)
    i.dir_next                               0x080028ac   Section        0  ff.o(i.dir_next)
    dir_next                                 0x080028ad   Thumb Code   218  ff.o(i.dir_next)
    i.dir_register                           0x08002986   Section        0  ff.o(i.dir_register)
    dir_register                             0x08002987   Thumb Code   326  ff.o(i.dir_register)
    i.dir_sdi                                0x08002acc   Section        0  ff.o(i.dir_sdi)
    dir_sdi                                  0x08002acd   Thumb Code   166  ff.o(i.dir_sdi)
    i.disk_initialize                        0x08002b72   Section        0  diskio.o(i.disk_initialize)
    i.disk_ioctl                             0x08002baa   Section        0  diskio.o(i.disk_ioctl)
    i.disk_read                              0x08002be8   Section        0  diskio.o(i.disk_read)
    i.disk_status                            0x08002c1c   Section        0  diskio.o(i.disk_status)
    i.disk_write                             0x08002c48   Section        0  diskio.o(i.disk_write)
    i.f_close                                0x08002c88   Section        0  ff.o(i.f_close)
    i.f_mkfs                                 0x08002cac   Section        0  ff.o(i.f_mkfs)
    i.f_mount                                0x0800339c   Section        0  ff.o(i.f_mount)
    i.f_open                                 0x080033f0   Section        0  ff.o(i.f_open)
    i.f_read                                 0x080035fa   Section        0  ff.o(i.f_read)
    i.f_sync                                 0x080037c8   Section        0  ff.o(i.f_sync)
    i.f_write                                0x08003868   Section        0  ff.o(i.f_write)
    i.ff_oem2uni                             0x08003a7c   Section        0  ffunicode.o(i.ff_oem2uni)
    i.ff_uni2oem                             0x08003aa8   Section        0  ffunicode.o(i.ff_uni2oem)
    i.ff_wtoupper                            0x08003ae8   Section        0  ffunicode.o(i.ff_wtoupper)
    i.find_volume                            0x08003b98   Section        0  ff.o(i.find_volume)
    find_volume                              0x08003b99   Thumb Code   120  ff.o(i.find_volume)
    i.follow_path                            0x08003c10   Section        0  ff.o(i.follow_path)
    follow_path                              0x08003c11   Thumb Code   168  ff.o(i.follow_path)
    i.fputc                                  0x08003cb8   Section        0  bsp_usart.o(i.fputc)
    i.gen_numname                            0x08003cdc   Section        0  ff.o(i.gen_numname)
    gen_numname                              0x08003cdd   Thumb Code   206  ff.o(i.gen_numname)
    i.get_fat                                0x08003db0   Section        0  ff.o(i.get_fat)
    get_fat                                  0x08003db1   Thumb Code   306  ff.o(i.get_fat)
    i.get_fattime                            0x08003ee4   Section        0  diskio.o(i.get_fattime)
    i.get_ldnumber                           0x08003eec   Section        0  ff.o(i.get_ldnumber)
    get_ldnumber                             0x08003eed   Thumb Code    78  ff.o(i.get_ldnumber)
    i.ld_clust                               0x08003f3a   Section        0  ff.o(i.ld_clust)
    ld_clust                                 0x08003f3b   Thumb Code    38  ff.o(i.ld_clust)
    i.ld_dword                               0x08003f60   Section        0  ff.o(i.ld_dword)
    ld_dword                                 0x08003f61   Thumb Code    24  ff.o(i.ld_dword)
    i.ld_word                                0x08003f78   Section        0  ff.o(i.ld_word)
    ld_word                                  0x08003f79   Thumb Code    12  ff.o(i.ld_word)
    i.main                                   0x08003f84   Section        0  main.o(i.main)
    i.mount_volume                           0x080042e4   Section        0  ff.o(i.mount_volume)
    mount_volume                             0x080042e5   Thumb Code   736  ff.o(i.mount_volume)
    i.move_window                            0x080045d8   Section        0  ff.o(i.move_window)
    move_window                              0x080045d9   Thumb Code    52  ff.o(i.move_window)
    i.put_fat                                0x0800460c   Section        0  ff.o(i.put_fat)
    put_fat                                  0x0800460d   Thumb Code   400  ff.o(i.put_fat)
    i.put_lfn                                0x0800479c   Section        0  ff.o(i.put_lfn)
    put_lfn                                  0x0800479d   Thumb Code   124  ff.o(i.put_lfn)
    i.remove_chain                           0x0800481c   Section        0  ff.o(i.remove_chain)
    remove_chain                             0x0800481d   Thumb Code   154  ff.o(i.remove_chain)
    i.st_clust                               0x080048b6   Section        0  ff.o(i.st_clust)
    st_clust                                 0x080048b7   Thumb Code    36  ff.o(i.st_clust)
    i.st_dword                               0x080048da   Section        0  ff.o(i.st_dword)
    st_dword                                 0x080048db   Thumb Code    24  ff.o(i.st_dword)
    i.st_word                                0x080048f2   Section        0  ff.o(i.st_word)
    st_word                                  0x080048f3   Thumb Code    12  ff.o(i.st_word)
    i.sum_sfn                                0x080048fe   Section        0  ff.o(i.sum_sfn)
    sum_sfn                                  0x080048ff   Thumb Code    32  ff.o(i.sum_sfn)
    i.sync_fs                                0x08004920   Section        0  ff.o(i.sync_fs)
    sync_fs                                  0x08004921   Thumb Code   132  ff.o(i.sync_fs)
    i.sync_window                            0x080049ac   Section        0  ff.o(i.sync_window)
    sync_window                              0x080049ad   Thumb Code    74  ff.o(i.sync_window)
    i.tchar2uni                              0x080049f6   Section        0  ff.o(i.tchar2uni)
    tchar2uni                                0x080049f7   Thumb Code    76  ff.o(i.tchar2uni)
    i.validate                               0x08004a42   Section        0  ff.o(i.validate)
    validate                                 0x08004a43   Thumb Code    60  ff.o(i.validate)
    .constdata                               0x08004a80   Section      188  ff.o(.constdata)
    LfnOfs                                   0x08004a80   Data          13  ff.o(.constdata)
    ExCvt                                    0x08004a8d   Data         128  ff.o(.constdata)
    cst                                      0x08004b0e   Data          14  ff.o(.constdata)
    cst32                                    0x08004b1c   Data          14  ff.o(.constdata)
    defopt                                   0x08004b2c   Data          16  ff.o(.constdata)
    .constdata                               0x08004b3c   Section      942  ffunicode.o(.constdata)
    uc437                                    0x08004b3c   Data         256  ffunicode.o(.constdata)
    cvt1                                     0x08004c3c   Data         498  ffunicode.o(.constdata)
    cvt2                                     0x08004e2e   Data         188  ffunicode.o(.constdata)
    .constdata                               0x08004eea   Section       64  ctype_c.o(.constdata)
    .conststring                             0x08004f2c   Section       34  bsp_usart.o(.conststring)
    .data                                    0x20000000   Section       16  stm32f4xx_rcc.o(.data)
    APBAHBPrescTable                         0x20000000   Data          16  stm32f4xx_rcc.o(.data)
    .data                                    0x20000010   Section       32  main.o(.data)
    .data                                    0x20000030   Section       20  bsp_usart.o(.data)
    cmd_count                                0x20000030   Data           1  bsp_usart.o(.data)
    .data                                    0x20000044   Section       10  ff.o(.data)
    FatFs                                    0x20000044   Data           8  ff.o(.data)
    Fsid                                     0x2000004c   Data           2  ff.o(.data)
    .data                                    0x20000050   Section        4  stdout.o(.data)
    .bss                                     0x20000054   Section    16480  main.o(.bss)
    .bss                                     0x200040b4   Section      256  bsp_usart.o(.bss)
    STACK                                    0x200041b8   Section     1024  startup_stm32f429_439xx.o(STACK)

    Global Symbols

    Symbol Name                              Value     Ov Type        Size  Object(Section)

    BuildAttributes$$THM_ISAv4$E$P$D$K$B$S$7EM$VFPi3$EXTD16$VFPS$VFMA$PE$A:L22UL41UL21$X:L11$S22US41US21$IEEE1$IW$USESV6$~STKCKD$USESV7$~SHL$OTIME$ROPI$EBA8$MICROLIB$REQ8$PRES8$EABIv2 0x00000000   Number         0  anon$$obj.o ABSOLUTE
    __ARM_use_no_argv                        0x00000000   Number         0  main.o ABSOLUTE
    _printf_a                                0x00000000   Number         0  stubs.o ABSOLUTE
    _printf_c                                0x00000000   Number         0  stubs.o ABSOLUTE
    _printf_charcount                        0x00000000   Number         0  stubs.o ABSOLUTE
    _printf_d                                0x00000000   Number         0  stubs.o ABSOLUTE
    _printf_e                                0x00000000   Number         0  stubs.o ABSOLUTE
    _printf_f                                0x00000000   Number         0  stubs.o ABSOLUTE
    _printf_flags                            0x00000000   Number         0  stubs.o ABSOLUTE
    _printf_fp_dec                           0x00000000   Number         0  stubs.o ABSOLUTE
    _printf_fp_hex                           0x00000000   Number         0  stubs.o ABSOLUTE
    _printf_g                                0x00000000   Number         0  stubs.o ABSOLUTE
    _printf_i                                0x00000000   Number         0  stubs.o ABSOLUTE
    _printf_int_dec                          0x00000000   Number         0  stubs.o ABSOLUTE
    _printf_l                                0x00000000   Number         0  stubs.o ABSOLUTE
    _printf_lc                               0x00000000   Number         0  stubs.o ABSOLUTE
    _printf_ll                               0x00000000   Number         0  stubs.o ABSOLUTE
    _printf_lld                              0x00000000   Number         0  stubs.o ABSOLUTE
    _printf_lli                              0x00000000   Number         0  stubs.o ABSOLUTE
    _printf_llo                              0x00000000   Number         0  stubs.o ABSOLUTE
    _printf_llu                              0x00000000   Number         0  stubs.o ABSOLUTE
    _printf_llx                              0x00000000   Number         0  stubs.o ABSOLUTE
    _printf_longlong_dec                     0x00000000   Number         0  stubs.o ABSOLUTE
    _printf_longlong_hex                     0x00000000   Number         0  stubs.o ABSOLUTE
    _printf_longlong_oct                     0x00000000   Number         0  stubs.o ABSOLUTE
    _printf_ls                               0x00000000   Number         0  stubs.o ABSOLUTE
    _printf_mbtowc                           0x00000000   Number         0  stubs.o ABSOLUTE
    _printf_n                                0x00000000   Number         0  stubs.o ABSOLUTE
    _printf_o                                0x00000000   Number         0  stubs.o ABSOLUTE
    _printf_p                                0x00000000   Number         0  stubs.o ABSOLUTE
    _printf_percent                          0x00000000   Number         0  stubs.o ABSOLUTE
    _printf_pre_padding                      0x00000000   Number         0  stubs.o ABSOLUTE
    _printf_return_value                     0x00000000   Number         0  stubs.o ABSOLUTE
    _printf_s                                0x00000000   Number         0  stubs.o ABSOLUTE
    _printf_sizespec                         0x00000000   Number         0  stubs.o ABSOLUTE
    _printf_str                              0x00000000   Number         0  stubs.o ABSOLUTE
    _printf_truncate_signed                  0x00000000   Number         0  stubs.o ABSOLUTE
    _printf_truncate_unsigned                0x00000000   Number         0  stubs.o ABSOLUTE
    _printf_u                                0x00000000   Number         0  stubs.o ABSOLUTE
    _printf_wc                               0x00000000   Number         0  stubs.o ABSOLUTE
    _printf_wctomb                           0x00000000   Number         0  stubs.o ABSOLUTE
    _printf_widthprec                        0x00000000   Number         0  stubs.o ABSOLUTE
    _printf_x                                0x00000000   Number         0  stubs.o ABSOLUTE
    __arm_fini_                               - Undefined Weak Reference
    __cpp_initialize__aeabi_                  - Undefined Weak Reference
    __cxa_finalize                            - Undefined Weak Reference
    __decompress                              - Undefined Weak Reference
    _clock_init                               - Undefined Weak Reference
    _microlib_exit                            - Undefined Weak Reference
    __Vectors_Size                           0x000001ac   Number         0  startup_stm32f429_439xx.o ABSOLUTE
    __Vectors                                0x08000000   Data           4  startup_stm32f429_439xx.o(RESET)
    __Vectors_End                            0x080001ac   Data           0  startup_stm32f429_439xx.o(RESET)
    __main                                   0x080001ad   Thumb Code     0  entry.o(.ARM.Collect$$$$00000000)
    _main_stk                                0x080001ad   Thumb Code     0  entry2.o(.ARM.Collect$$$$00000001)
    _main_scatterload                        0x080001b1   Thumb Code     0  entry5.o(.ARM.Collect$$$$00000004)
    __main_after_scatterload                 0x080001b5   Thumb Code     0  entry5.o(.ARM.Collect$$$$00000004)
    _main_clock                              0x080001b5   Thumb Code     0  entry7b.o(.ARM.Collect$$$$00000008)
    _main_cpp_init                           0x080001b5   Thumb Code     0  entry8b.o(.ARM.Collect$$$$0000000A)
    _main_init                               0x080001b5   Thumb Code     0  entry9a.o(.ARM.Collect$$$$0000000B)
    __rt_lib_shutdown_fini                   0x080001bd   Thumb Code     0  entry12b.o(.ARM.Collect$$$$0000000E)
    __rt_final_cpp                           0x080001c1   Thumb Code     0  entry10a.o(.ARM.Collect$$$$0000000F)
    __rt_final_exit                          0x080001c1   Thumb Code     0  entry11a.o(.ARM.Collect$$$$00000011)
    Reset_Handler                            0x080001c5   Thumb Code     8  startup_stm32f429_439xx.o(.text)
    ADC_IRQHandler                           0x080001df   Thumb Code     0  startup_stm32f429_439xx.o(.text)
    CAN1_RX0_IRQHandler                      0x080001df   Thumb Code     0  startup_stm32f429_439xx.o(.text)
    CAN1_RX1_IRQHandler                      0x080001df   Thumb Code     0  startup_stm32f429_439xx.o(.text)
    CAN1_SCE_IRQHandler                      0x080001df   Thumb Code     0  startup_stm32f429_439xx.o(.text)
    CAN1_TX_IRQHandler                       0x080001df   Thumb Code     0  startup_stm32f429_439xx.o(.text)
    CAN2_RX0_IRQHandler                      0x080001df   Thumb Code     0  startup_stm32f429_439xx.o(.text)
    CAN2_RX1_IRQHandler                      0x080001df   Thumb Code     0  startup_stm32f429_439xx.o(.text)
    CAN2_SCE_IRQHandler                      0x080001df   Thumb Code     0  startup_stm32f429_439xx.o(.text)
    CAN2_TX_IRQHandler                       0x080001df   Thumb Code     0  startup_stm32f429_439xx.o(.text)
    CRYP_IRQHandler                          0x080001df   Thumb Code     0  startup_stm32f429_439xx.o(.text)
    DCMI_IRQHandler                          0x080001df   Thumb Code     0  startup_stm32f429_439xx.o(.text)
    DMA1_Stream0_IRQHandler                  0x080001df   Thumb Code     0  startup_stm32f429_439xx.o(.text)
    DMA1_Stream1_IRQHandler                  0x080001df   Thumb Code     0  startup_stm32f429_439xx.o(.text)
    DMA1_Stream2_IRQHandler                  0x080001df   Thumb Code     0  startup_stm32f429_439xx.o(.text)
    DMA1_Stream3_IRQHandler                  0x080001df   Thumb Code     0  startup_stm32f429_439xx.o(.text)
    DMA1_Stream4_IRQHandler                  0x080001df   Thumb Code     0  startup_stm32f429_439xx.o(.text)
    DMA1_Stream5_IRQHandler                  0x080001df   Thumb Code     0  startup_stm32f429_439xx.o(.text)
    DMA1_Stream6_IRQHandler                  0x080001df   Thumb Code     0  startup_stm32f429_439xx.o(.text)
    DMA1_Stream7_IRQHandler                  0x080001df   Thumb Code     0  startup_stm32f429_439xx.o(.text)
    DMA2D_IRQHandler                         0x080001df   Thumb Code     0  startup_stm32f429_439xx.o(.text)
    DMA2_Stream0_IRQHandler                  0x080001df   Thumb Code     0  startup_stm32f429_439xx.o(.text)
    DMA2_Stream1_IRQHandler                  0x080001df   Thumb Code     0  startup_stm32f429_439xx.o(.text)
    DMA2_Stream2_IRQHandler                  0x080001df   Thumb Code     0  startup_stm32f429_439xx.o(.text)
    DMA2_Stream3_IRQHandler                  0x080001df   Thumb Code     0  startup_stm32f429_439xx.o(.text)
    DMA2_Stream4_IRQHandler                  0x080001df   Thumb Code     0  startup_stm32f429_439xx.o(.text)
    DMA2_Stream5_IRQHandler                  0x080001df   Thumb Code     0  startup_stm32f429_439xx.o(.text)
    DMA2_Stream6_IRQHandler                  0x080001df   Thumb Code     0  startup_stm32f429_439xx.o(.text)
    DMA2_Stream7_IRQHandler                  0x080001df   Thumb Code     0  startup_stm32f429_439xx.o(.text)
    ETH_IRQHandler                           0x080001df   Thumb Code     0  startup_stm32f429_439xx.o(.text)
    ETH_WKUP_IRQHandler                      0x080001df   Thumb Code     0  startup_stm32f429_439xx.o(.text)
    EXTI0_IRQHandler                         0x080001df   Thumb Code     0  startup_stm32f429_439xx.o(.text)
    EXTI15_10_IRQHandler                     0x080001df   Thumb Code     0  startup_stm32f429_439xx.o(.text)
    EXTI1_IRQHandler                         0x080001df   Thumb Code     0  startup_stm32f429_439xx.o(.text)
    EXTI2_IRQHandler                         0x080001df   Thumb Code     0  startup_stm32f429_439xx.o(.text)
    EXTI3_IRQHandler                         0x080001df   Thumb Code     0  startup_stm32f429_439xx.o(.text)
    EXTI4_IRQHandler                         0x080001df   Thumb Code     0  startup_stm32f429_439xx.o(.text)
    EXTI9_5_IRQHandler                       0x080001df   Thumb Code     0  startup_stm32f429_439xx.o(.text)
    FLASH_IRQHandler                         0x080001df   Thumb Code     0  startup_stm32f429_439xx.o(.text)
    FMC_IRQHandler                           0x080001df   Thumb Code     0  startup_stm32f429_439xx.o(.text)
    FPU_IRQHandler                           0x080001df   Thumb Code     0  startup_stm32f429_439xx.o(.text)
    HASH_RNG_IRQHandler                      0x080001df   Thumb Code     0  startup_stm32f429_439xx.o(.text)
    I2C1_ER_IRQHandler                       0x080001df   Thumb Code     0  startup_stm32f429_439xx.o(.text)
    I2C1_EV_IRQHandler                       0x080001df   Thumb Code     0  startup_stm32f429_439xx.o(.text)
    I2C2_ER_IRQHandler                       0x080001df   Thumb Code     0  startup_stm32f429_439xx.o(.text)
    I2C2_EV_IRQHandler                       0x080001df   Thumb Code     0  startup_stm32f429_439xx.o(.text)
    I2C3_ER_IRQHandler                       0x080001df   Thumb Code     0  startup_stm32f429_439xx.o(.text)
    I2C3_EV_IRQHandler                       0x080001df   Thumb Code     0  startup_stm32f429_439xx.o(.text)
    LTDC_ER_IRQHandler                       0x080001df   Thumb Code     0  startup_stm32f429_439xx.o(.text)
    LTDC_IRQHandler                          0x080001df   Thumb Code     0  startup_stm32f429_439xx.o(.text)
    OTG_FS_IRQHandler                        0x080001df   Thumb Code     0  startup_stm32f429_439xx.o(.text)
    OTG_FS_WKUP_IRQHandler                   0x080001df   Thumb Code     0  startup_stm32f429_439xx.o(.text)
    OTG_HS_EP1_IN_IRQHandler                 0x080001df   Thumb Code     0  startup_stm32f429_439xx.o(.text)
    OTG_HS_EP1_OUT_IRQHandler                0x080001df   Thumb Code     0  startup_stm32f429_439xx.o(.text)
    OTG_HS_IRQHandler                        0x080001df   Thumb Code     0  startup_stm32f429_439xx.o(.text)
    OTG_HS_WKUP_IRQHandler                   0x080001df   Thumb Code     0  startup_stm32f429_439xx.o(.text)
    PVD_IRQHandler                           0x080001df   Thumb Code     0  startup_stm32f429_439xx.o(.text)
    RCC_IRQHandler                           0x080001df   Thumb Code     0  startup_stm32f429_439xx.o(.text)
    RTC_Alarm_IRQHandler                     0x080001df   Thumb Code     0  startup_stm32f429_439xx.o(.text)
    RTC_WKUP_IRQHandler                      0x080001df   Thumb Code     0  startup_stm32f429_439xx.o(.text)
    SAI1_IRQHandler                          0x080001df   Thumb Code     0  startup_stm32f429_439xx.o(.text)
    SDIO_IRQHandler                          0x080001df   Thumb Code     0  startup_stm32f429_439xx.o(.text)
    SPI1_IRQHandler                          0x080001df   Thumb Code     0  startup_stm32f429_439xx.o(.text)
    SPI2_IRQHandler                          0x080001df   Thumb Code     0  startup_stm32f429_439xx.o(.text)
    SPI3_IRQHandler                          0x080001df   Thumb Code     0  startup_stm32f429_439xx.o(.text)
    SPI4_IRQHandler                          0x080001df   Thumb Code     0  startup_stm32f429_439xx.o(.text)
    SPI5_IRQHandler                          0x080001df   Thumb Code     0  startup_stm32f429_439xx.o(.text)
    SPI6_IRQHandler                          0x080001df   Thumb Code     0  startup_stm32f429_439xx.o(.text)
    TAMP_STAMP_IRQHandler                    0x080001df   Thumb Code     0  startup_stm32f429_439xx.o(.text)
    TIM1_BRK_TIM9_IRQHandler                 0x080001df   Thumb Code     0  startup_stm32f429_439xx.o(.text)
    TIM1_CC_IRQHandler                       0x080001df   Thumb Code     0  startup_stm32f429_439xx.o(.text)
    TIM1_TRG_COM_TIM11_IRQHandler            0x080001df   Thumb Code     0  startup_stm32f429_439xx.o(.text)
    TIM1_UP_TIM10_IRQHandler                 0x080001df   Thumb Code     0  startup_stm32f429_439xx.o(.text)
    TIM2_IRQHandler                          0x080001df   Thumb Code     0  startup_stm32f429_439xx.o(.text)
    TIM3_IRQHandler                          0x080001df   Thumb Code     0  startup_stm32f429_439xx.o(.text)
    TIM4_IRQHandler                          0x080001df   Thumb Code     0  startup_stm32f429_439xx.o(.text)
    TIM5_IRQHandler                          0x080001df   Thumb Code     0  startup_stm32f429_439xx.o(.text)
    TIM6_DAC_IRQHandler                      0x080001df   Thumb Code     0  startup_stm32f429_439xx.o(.text)
    TIM7_IRQHandler                          0x080001df   Thumb Code     0  startup_stm32f429_439xx.o(.text)
    TIM8_BRK_TIM12_IRQHandler                0x080001df   Thumb Code     0  startup_stm32f429_439xx.o(.text)
    TIM8_CC_IRQHandler                       0x080001df   Thumb Code     0  startup_stm32f429_439xx.o(.text)
    TIM8_TRG_COM_TIM14_IRQHandler            0x080001df   Thumb Code     0  startup_stm32f429_439xx.o(.text)
    TIM8_UP_TIM13_IRQHandler                 0x080001df   Thumb Code     0  startup_stm32f429_439xx.o(.text)
    UART4_IRQHandler                         0x080001df   Thumb Code     0  startup_stm32f429_439xx.o(.text)
    UART5_IRQHandler                         0x080001df   Thumb Code     0  startup_stm32f429_439xx.o(.text)
    UART7_IRQHandler                         0x080001df   Thumb Code     0  startup_stm32f429_439xx.o(.text)
    UART8_IRQHandler                         0x080001df   Thumb Code     0  startup_stm32f429_439xx.o(.text)
    USART2_IRQHandler                        0x080001df   Thumb Code     0  startup_stm32f429_439xx.o(.text)
    USART3_IRQHandler                        0x080001df   Thumb Code     0  startup_stm32f429_439xx.o(.text)
    USART6_IRQHandler                        0x080001df   Thumb Code     0  startup_stm32f429_439xx.o(.text)
    WWDG_IRQHandler                          0x080001df   Thumb Code     0  startup_stm32f429_439xx.o(.text)
    __aeabi_memcpy                           0x080001e9   Thumb Code    36  memcpya.o(.text)
    __aeabi_memcpy4                          0x080001e9   Thumb Code     0  memcpya.o(.text)
    __aeabi_memcpy8                          0x080001e9   Thumb Code     0  memcpya.o(.text)
    __aeabi_memset                           0x0800020d   Thumb Code    14  memseta.o(.text)
    __aeabi_memset4                          0x0800020d   Thumb Code     0  memseta.o(.text)
    __aeabi_memset8                          0x0800020d   Thumb Code     0  memseta.o(.text)
    __aeabi_memclr                           0x0800021b   Thumb Code     4  memseta.o(.text)
    __aeabi_memclr4                          0x0800021b   Thumb Code     0  memseta.o(.text)
    __aeabi_memclr8                          0x0800021b   Thumb Code     0  memseta.o(.text)
    _memset$wrapper                          0x0800021f   Thumb Code    18  memseta.o(.text)
    strchr                                   0x08000231   Thumb Code    20  strchr.o(.text)
    strcmp                                   0x08000245   Thumb Code    28  strcmp.o(.text)
    memcmp                                   0x08000261   Thumb Code    26  memcmp.o(.text)
    sscanf                                   0x0800027d   Thumb Code    48  sscanf.o(.text)
    __aeabi_uidiv                            0x080002b5   Thumb Code     0  uidiv.o(.text)
    __aeabi_uidivmod                         0x080002b5   Thumb Code    44  uidiv.o(.text)
    _scanf_longlong                          0x080002e1   Thumb Code   342  _scanf_longlong.o(.text)
    _scanf_int                               0x08000437   Thumb Code   332  _scanf_int.o(.text)
    _scanf_string                            0x08000583   Thumb Code   224  _scanf_str.o(.text)
    _scanf_real                              0x0800078d   Thumb Code     0  scanf_fp.o(.text)
    _scanf_really_real                       0x0800078d   Thumb Code   556  scanf_fp.o(.text)
    __vfscanf_char                           0x080009d1   Thumb Code    20  scanf_char.o(.text)
    _sgetc                                   0x080009ed   Thumb Code    30  _sgetc.o(.text)
    _sbackspace                              0x08000a0b   Thumb Code    34  _sgetc.o(.text)
    __I$use$fp                               0x08000a2d   Thumb Code     0  iusefp.o(.text)
    __aeabi_dmul                             0x08000a2d   Thumb Code   228  dmul.o(.text)
    __aeabi_ddiv                             0x08000b11   Thumb Code   222  ddiv.o(.text)
    __scatterload                            0x08000bf1   Thumb Code    28  init.o(.text)
    __scatterload_rt2                        0x08000bf1   Thumb Code     0  init.o(.text)
    __aeabi_llsl                             0x08000c15   Thumb Code    30  llshl.o(.text)
    _ll_shift_l                              0x08000c15   Thumb Code     0  llshl.o(.text)
    __aeabi_llsr                             0x08000c33   Thumb Code    32  llushr.o(.text)
    _ll_ushift_r                             0x08000c33   Thumb Code     0  llushr.o(.text)
    isspace                                  0x08000c53   Thumb Code    10  isspace_c.o(.text)
    _chval                                   0x08000c5d   Thumb Code    28  _chval.o(.text)
    __vfscanf                                0x08000c79   Thumb Code   810  _scanf.o(.text)
    _double_round                            0x08000fa9   Thumb Code    30  depilogue.o(.text)
    _double_epilogue                         0x08000fc7   Thumb Code   156  depilogue.o(.text)
    __aeabi_ul2d                             0x08001063   Thumb Code    24  dfltul.o(.text)
    __aeabi_d2f                              0x0800107b   Thumb Code    56  d2f.o(.text)
    __ctype_lookup                           0x080010b5   Thumb Code    34  ctype_c.o(.text)
    _float_round                             0x080010dd   Thumb Code    18  fepilogue.o(.text)
    _float_epilogue                          0x080010ef   Thumb Code    92  fepilogue.o(.text)
    BusFault_Handler                         0x0800114b   Thumb Code     4  stm32f4xx_it.o(i.BusFault_Handler)
    DebugMon_Handler                         0x0800114f   Thumb Code     2  stm32f4xx_it.o(i.DebugMon_Handler)
    FLASH_Read_MutiData                      0x08001151   Thumb Code    80  bsp_spi.o(i.FLASH_Read_MutiData)
    FLASH_Write_MutiData                     0x080011a5   Thumb Code   248  bsp_spi.o(i.FLASH_Write_MutiData)
    Flash_Erase_Sector                       0x0800129d   Thumb Code    64  bsp_spi.o(i.Flash_Erase_Sector)
    Flash_GPIO_Init                          0x080012e1   Thumb Code   122  bsp_spi.o(i.Flash_GPIO_Init)
    Flash_Init                               0x08001361   Thumb Code    12  bsp_spi.o(i.Flash_Init)
    Flash_Read_WRITE_JEDEC_ID                0x0800136d   Thumb Code    52  bsp_spi.o(i.Flash_Read_WRITE_JEDEC_ID)
    Flash_Release_Power_Down                 0x080013a5   Thumb Code    54  bsp_spi.o(i.Flash_Release_Power_Down)
    Flash_SPI_Init                           0x080013e1   Thumb Code    94  bsp_spi.o(i.Flash_SPI_Init)
    Flash_Wait_For_Ready                     0x08001449   Thumb Code    46  bsp_spi.o(i.Flash_Wait_For_Ready)
    Flash_Write_Data                         0x0800147d   Thumb Code    96  bsp_spi.o(i.Flash_Write_Data)
    Flash_Write_Enable                       0x080014e1   Thumb Code    26  bsp_spi.o(i.Flash_Write_Enable)
    GPIO_Init                                0x08001501   Thumb Code   144  stm32f4xx_gpio.o(i.GPIO_Init)
    GPIO_Initial_API                         0x08001591   Thumb Code    48  bsp_led.o(i.GPIO_Initial_API)
    GPIO_PinAFConfig                         0x080015c1   Thumb Code    70  stm32f4xx_gpio.o(i.GPIO_PinAFConfig)
    GPIO_ResetBits                           0x08001607   Thumb Code     4  stm32f4xx_gpio.o(i.GPIO_ResetBits)
    GPIO_SetBits                             0x0800160b   Thumb Code     4  stm32f4xx_gpio.o(i.GPIO_SetBits)
    GPIO_flash_Init                          0x08001639   Thumb Code    42  bsp_led.o(i.GPIO_flash_Init)
    HardFault_Handler                        0x08001669   Thumb Code     4  stm32f4xx_it.o(i.HardFault_Handler)
    MemManage_Handler                        0x0800166d   Thumb Code     4  stm32f4xx_it.o(i.MemManage_Handler)
    NMI_Handler                              0x08001671   Thumb Code     2  stm32f4xx_it.o(i.NMI_Handler)
    NVIC_Init                                0x08001675   Thumb Code   106  misc.o(i.NVIC_Init)
    NVIC_Init_Config                         0x080016ed   Thumb Code    62  bsp_usart.o(i.NVIC_Init_Config)
    NVIC_PriorityGroupConfig                 0x0800172d   Thumb Code    10  misc.o(i.NVIC_PriorityGroupConfig)
    PendSV_Handler                           0x08001741   Thumb Code     2  stm32f4xx_it.o(i.PendSV_Handler)
    RCC_AHB1PeriphClockCmd                   0x08001745   Thumb Code    26  stm32f4xx_rcc.o(i.RCC_AHB1PeriphClockCmd)
    RCC_APB2PeriphClockCmd                   0x08001765   Thumb Code    26  stm32f4xx_rcc.o(i.RCC_APB2PeriphClockCmd)
    RCC_GetClocksFreq                        0x08001785   Thumb Code   214  stm32f4xx_rcc.o(i.RCC_GetClocksFreq)
    SPI_Cmd                                  0x0800186d   Thumb Code    24  stm32f4xx_spi.o(i.SPI_Cmd)
    SPI_I2S_GetFlagStatus                    0x080018c9   Thumb Code    18  stm32f4xx_spi.o(i.SPI_I2S_GetFlagStatus)
    SPI_I2S_ReceiveData                      0x080018db   Thumb Code     6  stm32f4xx_spi.o(i.SPI_I2S_ReceiveData)
    SPI_I2S_SendData                         0x080018e1   Thumb Code     4  stm32f4xx_spi.o(i.SPI_I2S_SendData)
    SPI_Init                                 0x080018e5   Thumb Code    60  stm32f4xx_spi.o(i.SPI_Init)
    SVC_Handler                              0x08001921   Thumb Code     2  stm32f4xx_it.o(i.SVC_Handler)
    SysTick_Handler                          0x08001a45   Thumb Code     2  stm32f4xx_it.o(i.SysTick_Handler)
    SystemInit                               0x08001a49   Thumb Code    88  system_stm32f4xx.o(i.SystemInit)
    USART1_IRQHandler                        0x08001ab1   Thumb Code    40  stm32f4xx_it.o(i.USART1_IRQHandler)
    USART_CFG                                0x08001add   Thumb Code    88  bsp_usart.o(i.USART_CFG)
    USART_Cmd                                0x08001b3d   Thumb Code    24  stm32f4xx_usart.o(i.USART_Cmd)
    USART_GetFlagStatus                      0x08001b55   Thumb Code    26  stm32f4xx_usart.o(i.USART_GetFlagStatus)
    USART_ITConfig                           0x08001b6f   Thumb Code    74  stm32f4xx_usart.o(i.USART_ITConfig)
    USART_Init                               0x08001bb9   Thumb Code   204  stm32f4xx_usart.o(i.USART_Init)
    USART_ReceiveData                        0x08001cbd   Thumb Code    10  stm32f4xx_usart.o(i.USART_ReceiveData)
    USART_SendData                           0x08001cc7   Thumb Code     8  stm32f4xx_usart.o(i.USART_SendData)
    UsageFault_Handler                       0x08001ccf   Thumb Code     4  stm32f4xx_it.o(i.UsageFault_Handler)
    __0printf$3                              0x08001cd5   Thumb Code    22  printf3.o(i.__0printf$3)
    __1printf$3                              0x08001cd5   Thumb Code     0  printf3.o(i.__0printf$3)
    __2printf                                0x08001cd5   Thumb Code     0  printf3.o(i.__0printf$3)
    __scatterload_copy                       0x08001cf5   Thumb Code    14  handlers.o(i.__scatterload_copy)
    __scatterload_null                       0x08001d03   Thumb Code     2  handlers.o(i.__scatterload_null)
    __scatterload_zeroinit                   0x08001d05   Thumb Code    14  handlers.o(i.__scatterload_zeroinit)
    _is_digit                                0x08001d13   Thumb Code    14  scanf_fp.o(i._is_digit)
    cmd_receive                              0x08001fd5   Thumb Code    60  bsp_usart.o(i.cmd_receive)
    console_cmd                              0x080020b1   Thumb Code   242  bsp_usart.o(i.console_cmd)
    disk_initialize                          0x08002b73   Thumb Code    56  diskio.o(i.disk_initialize)
    disk_ioctl                               0x08002bab   Thumb Code    62  diskio.o(i.disk_ioctl)
    disk_read                                0x08002be9   Thumb Code    50  diskio.o(i.disk_read)
    disk_status                              0x08002c1d   Thumb Code    38  diskio.o(i.disk_status)
    disk_write                               0x08002c49   Thumb Code    64  diskio.o(i.disk_write)
    f_close                                  0x08002c89   Thumb Code    34  ff.o(i.f_close)
    f_mkfs                                   0x08002cad   Thumb Code  1722  ff.o(i.f_mkfs)
    f_mount                                  0x0800339d   Thumb Code    80  ff.o(i.f_mount)
    f_open                                   0x080033f1   Thumb Code   522  ff.o(i.f_open)
    f_read                                   0x080035fb   Thumb Code   462  ff.o(i.f_read)
    f_sync                                   0x080037c9   Thumb Code   160  ff.o(i.f_sync)
    f_write                                  0x08003869   Thumb Code   532  ff.o(i.f_write)
    ff_oem2uni                               0x08003a7d   Thumb Code    38  ffunicode.o(i.ff_oem2uni)
    ff_uni2oem                               0x08003aa9   Thumb Code    58  ffunicode.o(i.ff_uni2oem)
    ff_wtoupper                              0x08003ae9   Thumb Code   166  ffunicode.o(i.ff_wtoupper)
    fputc                                    0x08003cb9   Thumb Code    32  bsp_usart.o(i.fputc)
    get_fattime                              0x08003ee5   Thumb Code     4  diskio.o(i.get_fattime)
    main                                     0x08003f85   Thumb Code   390  main.o(i.main)
    __ctype_categories                       0x08004eea   Data          64  ctype_c.o(.constdata)
    Region$$Table$$Base                      0x08004f50   Number         0  anon$$obj.o(Region$$Table)
    Region$$Table$$Limit                     0x08004f70   Number         0  anon$$obj.o(Region$$Table)
    id                                       0x20000010   Data           4  main.o(.data)
    test                                     0x20000014   Data          23  main.o(.data)
    res_flash                                0x2000002b   Data           1  main.o(.data)
    bw                                       0x2000002c   Data           4  main.o(.data)
    led_control                              0x20000031   Data           1  bsp_usart.o(.data)
    action                                   0x20000032   Data           1  bsp_usart.o(.data)
    table                                    0x20000034   Data          16  bsp_usart.o(.data)
    __stdout                                 0x20000050   Data           4  stdout.o(.data)
    data                                     0x20000054   Data        4096  main.o(.bss)
    work                                     0x20001054   Data        4096  main.o(.bss)
    fs                                       0x20002054   Data        4152  main.o(.bss)
    fnew                                     0x2000308c   Data        4136  main.o(.bss)
    cmd                                      0x200040b4   Data         256  bsp_usart.o(.bss)
    __initial_sp                             0x200045b8   Data           0  startup_stm32f429_439xx.o(STACK)



==============================================================================

Memory Map of the image

  Image Entry point : 0x080001ad

  Load Region LR_IROM1 (Base: 0x08000000, Size: 0x00004fc4, Max: 0x00100000, ABSOLUTE)

    Execution Region ER_IROM1 (Exec base: 0x08000000, Load base: 0x08000000, Size: 0x00004f70, Max: 0x00100000, ABSOLUTE)

    Exec Addr    Load Addr    Size         Type   Attr      Idx    E Section Name        Object

    0x08000000   0x08000000   0x000001ac   Data   RO            3    RESET               startup_stm32f429_439xx.o
    0x080001ac   0x080001ac   0x00000000   Code   RO         6030  * .ARM.Collect$$$$00000000  mc_w.l(entry.o)
    0x080001ac   0x080001ac   0x00000004   Code   RO         6310    .ARM.Collect$$$$00000001  mc_w.l(entry2.o)
    0x080001b0   0x080001b0   0x00000004   Code   RO         6313    .ARM.Collect$$$$00000004  mc_w.l(entry5.o)
    0x080001b4   0x080001b4   0x00000000   Code   RO         6315    .ARM.Collect$$$$00000008  mc_w.l(entry7b.o)
    0x080001b4   0x080001b4   0x00000000   Code   RO         6317    .ARM.Collect$$$$0000000A  mc_w.l(entry8b.o)
    0x080001b4   0x080001b4   0x00000008   Code   RO         6318    .ARM.Collect$$$$0000000B  mc_w.l(entry9a.o)
    0x080001bc   0x080001bc   0x00000004   Code   RO         6325    .ARM.Collect$$$$0000000E  mc_w.l(entry12b.o)
    0x080001c0   0x080001c0   0x00000000   Code   RO         6320    .ARM.Collect$$$$0000000F  mc_w.l(entry10a.o)
    0x080001c0   0x080001c0   0x00000000   Code   RO         6322    .ARM.Collect$$$$00000011  mc_w.l(entry11a.o)
    0x080001c0   0x080001c0   0x00000004   Code   RO         6311    .ARM.Collect$$$$00002712  mc_w.l(entry2.o)
    0x080001c4   0x080001c4   0x00000024   Code   RO            4    .text               startup_stm32f429_439xx.o
    0x080001e8   0x080001e8   0x00000024   Code   RO         6033    .text               mc_w.l(memcpya.o)
    0x0800020c   0x0800020c   0x00000024   Code   RO         6035    .text               mc_w.l(memseta.o)
    0x08000230   0x08000230   0x00000014   Code   RO         6037    .text               mc_w.l(strchr.o)
    0x08000244   0x08000244   0x0000001c   Code   RO         6041    .text               mc_w.l(strcmp.o)
    0x08000260   0x08000260   0x0000001a   Code   RO         6043    .text               mc_w.l(memcmp.o)
    0x0800027a   0x0800027a   0x00000002   PAD
    0x0800027c   0x0800027c   0x00000038   Code   RO         6308    .text               mc_w.l(sscanf.o)
    0x080002b4   0x080002b4   0x0000002c   Code   RO         6327    .text               mc_w.l(uidiv.o)
    0x080002e0   0x080002e0   0x00000156   Code   RO         6331    .text               mc_w.l(_scanf_longlong.o)
    0x08000436   0x08000436   0x0000014c   Code   RO         6333    .text               mc_w.l(_scanf_int.o)
    0x08000582   0x08000582   0x000000e0   Code   RO         6335    .text               mc_w.l(_scanf_str.o)
    0x08000662   0x08000662   0x00000002   PAD
    0x08000664   0x08000664   0x00000360   Code   RO         6337    .text               mc_w.l(scanf_fp.o)
    0x080009c4   0x080009c4   0x00000028   Code   RO         6341    .text               mc_w.l(scanf_char.o)
    0x080009ec   0x080009ec   0x00000040   Code   RO         6343    .text               mc_w.l(_sgetc.o)
    0x08000a2c   0x08000a2c   0x00000000   Code   RO         6345    .text               mc_w.l(iusefp.o)
    0x08000a2c   0x08000a2c   0x000000e4   Code   RO         6348    .text               mf_w.l(dmul.o)
    0x08000b10   0x08000b10   0x000000de   Code   RO         6350    .text               mf_w.l(ddiv.o)
    0x08000bee   0x08000bee   0x00000002   PAD
    0x08000bf0   0x08000bf0   0x00000024   Code   RO         6356    .text               mc_w.l(init.o)
    0x08000c14   0x08000c14   0x0000001e   Code   RO         6358    .text               mc_w.l(llshl.o)
    0x08000c32   0x08000c32   0x00000020   Code   RO         6360    .text               mc_w.l(llushr.o)
    0x08000c52   0x08000c52   0x0000000a   Code   RO         6364    .text               mc_w.l(isspace_c.o)
    0x08000c5c   0x08000c5c   0x0000001c   Code   RO         6366    .text               mc_w.l(_chval.o)
    0x08000c78   0x08000c78   0x00000330   Code   RO         6368    .text               mc_w.l(_scanf.o)
    0x08000fa8   0x08000fa8   0x000000ba   Code   RO         6370    .text               mf_w.l(depilogue.o)
    0x08001062   0x08001062   0x00000018   Code   RO         6372    .text               mf_w.l(dfltul.o)
    0x0800107a   0x0800107a   0x00000038   Code   RO         6374    .text               mf_w.l(d2f.o)
    0x080010b2   0x080010b2   0x00000002   PAD
    0x080010b4   0x080010b4   0x00000028   Code   RO         6376    .text               mc_w.l(ctype_c.o)
    0x080010dc   0x080010dc   0x0000006e   Code   RO         6379    .text               mf_w.l(fepilogue.o)
    0x0800114a   0x0800114a   0x00000004   Code   RO         5288    i.BusFault_Handler  stm32f4xx_it.o
    0x0800114e   0x0800114e   0x00000002   Code   RO         5289    i.DebugMon_Handler  stm32f4xx_it.o
    0x08001150   0x08001150   0x00000054   Code   RO         5514    i.FLASH_Read_MutiData  bsp_spi.o
    0x080011a4   0x080011a4   0x000000f8   Code   RO         5515    i.FLASH_Write_MutiData  bsp_spi.o
    0x0800129c   0x0800129c   0x00000044   Code   RO         5516    i.Flash_Erase_Sector  bsp_spi.o
    0x080012e0   0x080012e0   0x00000080   Code   RO         5517    i.Flash_GPIO_Init   bsp_spi.o
    0x08001360   0x08001360   0x0000000c   Code   RO         5518    i.Flash_Init        bsp_spi.o
    0x0800136c   0x0800136c   0x00000038   Code   RO         5521    i.Flash_Read_WRITE_JEDEC_ID  bsp_spi.o
    0x080013a4   0x080013a4   0x0000003c   Code   RO         5522    i.Flash_Release_Power_Down  bsp_spi.o
    0x080013e0   0x080013e0   0x00000068   Code   RO         5523    i.Flash_SPI_Init    bsp_spi.o
    0x08001448   0x08001448   0x00000034   Code   RO         5524    i.Flash_Wait_For_Ready  bsp_spi.o
    0x0800147c   0x0800147c   0x00000064   Code   RO         5525    i.Flash_Write_Data  bsp_spi.o
    0x080014e0   0x080014e0   0x00000020   Code   RO         5526    i.Flash_Write_Enable  bsp_spi.o
    0x08001500   0x08001500   0x00000090   Code   RO         2088    i.GPIO_Init         stm32f4xx_gpio.o
    0x08001590   0x08001590   0x00000030   Code   RO         5473    i.GPIO_Initial_API  bsp_led.o
    0x080015c0   0x080015c0   0x00000046   Code   RO         2089    i.GPIO_PinAFConfig  stm32f4xx_gpio.o
    0x08001606   0x08001606   0x00000004   Code   RO         2095    i.GPIO_ResetBits    stm32f4xx_gpio.o
    0x0800160a   0x0800160a   0x00000004   Code   RO         2096    i.GPIO_SetBits      stm32f4xx_gpio.o
    0x0800160e   0x0800160e   0x00000028   Code   RO         5372    i.GPIO_USART_Init   bsp_usart.o
    0x08001636   0x08001636   0x00000002   PAD
    0x08001638   0x08001638   0x00000030   Code   RO         5474    i.GPIO_flash_Init   bsp_led.o
    0x08001668   0x08001668   0x00000004   Code   RO         5290    i.HardFault_Handler  stm32f4xx_it.o
    0x0800166c   0x0800166c   0x00000004   Code   RO         5291    i.MemManage_Handler  stm32f4xx_it.o
    0x08001670   0x08001670   0x00000002   Code   RO         5292    i.NMI_Handler       stm32f4xx_it.o
    0x08001672   0x08001672   0x00000002   PAD
    0x08001674   0x08001674   0x00000078   Code   RO          164    i.NVIC_Init         misc.o
    0x080016ec   0x080016ec   0x0000003e   Code   RO         5373    i.NVIC_Init_Config  bsp_usart.o
    0x0800172a   0x0800172a   0x00000002   PAD
    0x0800172c   0x0800172c   0x00000014   Code   RO          165    i.NVIC_PriorityGroupConfig  misc.o
    0x08001740   0x08001740   0x00000002   Code   RO         5293    i.PendSV_Handler    stm32f4xx_it.o
    0x08001742   0x08001742   0x00000002   PAD
    0x08001744   0x08001744   0x00000020   Code   RO         3023    i.RCC_AHB1PeriphClockCmd  stm32f4xx_rcc.o
    0x08001764   0x08001764   0x00000020   Code   RO         3035    i.RCC_APB2PeriphClockCmd  stm32f4xx_rcc.o
    0x08001784   0x08001784   0x000000e8   Code   RO         3044    i.RCC_GetClocksFreq  stm32f4xx_rcc.o
    0x0800186c   0x0800186c   0x00000018   Code   RO         4184    i.SPI_Cmd           stm32f4xx_spi.o
    0x08001884   0x08001884   0x0000000a   Code   RO         5527    i.SPI_FLASH_ReadByte  bsp_spi.o
    0x0800188e   0x0800188e   0x00000002   PAD
    0x08001890   0x08001890   0x00000038   Code   RO         5528    i.SPI_FLASH_SendByte  bsp_spi.o
    0x080018c8   0x080018c8   0x00000012   Code   RO         4192    i.SPI_I2S_GetFlagStatus  stm32f4xx_spi.o
    0x080018da   0x080018da   0x00000006   Code   RO         4195    i.SPI_I2S_ReceiveData  stm32f4xx_spi.o
    0x080018e0   0x080018e0   0x00000004   Code   RO         4196    i.SPI_I2S_SendData  stm32f4xx_spi.o
    0x080018e4   0x080018e4   0x0000003c   Code   RO         4197    i.SPI_Init          stm32f4xx_spi.o
    0x08001920   0x08001920   0x00000002   Code   RO         5294    i.SVC_Handler       stm32f4xx_it.o
    0x08001922   0x08001922   0x00000002   PAD
    0x08001924   0x08001924   0x00000120   Code   RO           13    i.SetSysClock       system_stm32f4xx.o
    0x08001a44   0x08001a44   0x00000002   Code   RO         5295    i.SysTick_Handler   stm32f4xx_it.o
    0x08001a46   0x08001a46   0x00000002   PAD
    0x08001a48   0x08001a48   0x00000068   Code   RO           15    i.SystemInit        system_stm32f4xx.o
    0x08001ab0   0x08001ab0   0x0000002c   Code   RO         5296    i.USART1_IRQHandler  stm32f4xx_it.o
    0x08001adc   0x08001adc   0x00000060   Code   RO         5374    i.USART_CFG         bsp_usart.o
    0x08001b3c   0x08001b3c   0x00000018   Code   RO         4976    i.USART_Cmd         stm32f4xx_usart.o
    0x08001b54   0x08001b54   0x0000001a   Code   RO         4979    i.USART_GetFlagStatus  stm32f4xx_usart.o
    0x08001b6e   0x08001b6e   0x0000004a   Code   RO         4982    i.USART_ITConfig    stm32f4xx_usart.o
    0x08001bb8   0x08001bb8   0x000000d4   Code   RO         4983    i.USART_Init        stm32f4xx_usart.o
    0x08001c8c   0x08001c8c   0x00000030   Code   RO         5375    i.USART_Init_Config  bsp_usart.o
    0x08001cbc   0x08001cbc   0x0000000a   Code   RO         4990    i.USART_ReceiveData  stm32f4xx_usart.o
    0x08001cc6   0x08001cc6   0x00000008   Code   RO         4993    i.USART_SendData    stm32f4xx_usart.o
    0x08001cce   0x08001cce   0x00000004   Code   RO         5297    i.UsageFault_Handler  stm32f4xx_it.o
    0x08001cd2   0x08001cd2   0x00000002   PAD
    0x08001cd4   0x08001cd4   0x00000020   Code   RO         6136    i.__0printf$3       mc_w.l(printf3.o)
    0x08001cf4   0x08001cf4   0x0000000e   Code   RO         6383    i.__scatterload_copy  mc_w.l(handlers.o)
    0x08001d02   0x08001d02   0x00000002   Code   RO         6384    i.__scatterload_null  mc_w.l(handlers.o)
    0x08001d04   0x08001d04   0x0000000e   Code   RO         6385    i.__scatterload_zeroinit  mc_w.l(handlers.o)
    0x08001d12   0x08001d12   0x0000000e   Code   RO         6339    i._is_digit         mc_w.l(scanf_fp.o)
    0x08001d20   0x08001d20   0x000001b8   Code   RO         6143    i._printf_core      mc_w.l(printf3.o)
    0x08001ed8   0x08001ed8   0x000000e0   Code   RO         5677    i.check_fs          ff.o
    0x08001fb8   0x08001fb8   0x0000001a   Code   RO         5678    i.clst2sect         ff.o
    0x08001fd2   0x08001fd2   0x00000002   PAD
    0x08001fd4   0x08001fd4   0x00000044   Code   RO         5379    i.cmd_receive       bsp_usart.o
    0x08002018   0x08002018   0x00000098   Code   RO         5679    i.cmp_lfn           ff.o
    0x080020b0   0x080020b0   0x00000148   Code   RO         5380    i.console_cmd       bsp_usart.o
    0x080021f8   0x080021f8   0x00000120   Code   RO         5680    i.create_chain      ff.o
    0x08002318   0x08002318   0x00000268   Code   RO         5681    i.create_name       ff.o
    0x08002580   0x08002580   0x0000015a   Code   RO         5682    i.create_partition  ff.o
    0x080026da   0x080026da   0x0000000c   Code   RO         5683    i.dbc_1st           ff.o
    0x080026e6   0x080026e6   0x0000000c   Code   RO         5684    i.dbc_2nd           ff.o
    0x080026f2   0x080026f2   0x00000060   Code   RO         5685    i.dir_alloc         ff.o
    0x08002752   0x08002752   0x0000005e   Code   RO         5686    i.dir_clear         ff.o
    0x080027b0   0x080027b0   0x000000fc   Code   RO         5687    i.dir_find          ff.o
    0x080028ac   0x080028ac   0x000000da   Code   RO         5688    i.dir_next          ff.o
    0x08002986   0x08002986   0x00000146   Code   RO         5690    i.dir_register      ff.o
    0x08002acc   0x08002acc   0x000000a6   Code   RO         5692    i.dir_sdi           ff.o
    0x08002b72   0x08002b72   0x00000038   Code   RO         5620    i.disk_initialize   diskio.o
    0x08002baa   0x08002baa   0x0000003e   Code   RO         5621    i.disk_ioctl        diskio.o
    0x08002be8   0x08002be8   0x00000032   Code   RO         5622    i.disk_read         diskio.o
    0x08002c1a   0x08002c1a   0x00000002   PAD
    0x08002c1c   0x08002c1c   0x0000002c   Code   RO         5623    i.disk_status       diskio.o
    0x08002c48   0x08002c48   0x00000040   Code   RO         5624    i.disk_write        diskio.o
    0x08002c88   0x08002c88   0x00000022   Code   RO         5693    i.f_close           ff.o
    0x08002caa   0x08002caa   0x00000002   PAD
    0x08002cac   0x08002cac   0x000006f0   Code   RO         5698    i.f_mkfs            ff.o
    0x0800339c   0x0800339c   0x00000054   Code   RO         5699    i.f_mount           ff.o
    0x080033f0   0x080033f0   0x0000020a   Code   RO         5700    i.f_open            ff.o
    0x080035fa   0x080035fa   0x000001ce   Code   RO         5702    i.f_read            ff.o
    0x080037c8   0x080037c8   0x000000a0   Code   RO         5706    i.f_sync            ff.o
    0x08003868   0x08003868   0x00000214   Code   RO         5709    i.f_write           ff.o
    0x08003a7c   0x08003a7c   0x0000002c   Code   RO         6004    i.ff_oem2uni        ffunicode.o
    0x08003aa8   0x08003aa8   0x00000040   Code   RO         6005    i.ff_uni2oem        ffunicode.o
    0x08003ae8   0x08003ae8   0x000000b0   Code   RO         6006    i.ff_wtoupper       ffunicode.o
    0x08003b98   0x08003b98   0x00000078   Code   RO         5710    i.find_volume       ff.o
    0x08003c10   0x08003c10   0x000000a8   Code   RO         5711    i.follow_path       ff.o
    0x08003cb8   0x08003cb8   0x00000024   Code   RO         5383    i.fputc             bsp_usart.o
    0x08003cdc   0x08003cdc   0x000000d4   Code   RO         5712    i.gen_numname       ff.o
    0x08003db0   0x08003db0   0x00000132   Code   RO         5713    i.get_fat           ff.o
    0x08003ee2   0x08003ee2   0x00000002   PAD
    0x08003ee4   0x08003ee4   0x00000008   Code   RO         5625    i.get_fattime       diskio.o
    0x08003eec   0x08003eec   0x0000004e   Code   RO         5715    i.get_ldnumber      ff.o
    0x08003f3a   0x08003f3a   0x00000026   Code   RO         5716    i.ld_clust          ff.o
    0x08003f60   0x08003f60   0x00000018   Code   RO         5717    i.ld_dword          ff.o
    0x08003f78   0x08003f78   0x0000000c   Code   RO         5718    i.ld_word           ff.o
    0x08003f84   0x08003f84   0x00000360   Code   RO         5230    i.main              main.o
    0x080042e4   0x080042e4   0x000002f4   Code   RO         5719    i.mount_volume      ff.o
    0x080045d8   0x080045d8   0x00000034   Code   RO         5720    i.move_window       ff.o
    0x0800460c   0x0800460c   0x00000190   Code   RO         5722    i.put_fat           ff.o
    0x0800479c   0x0800479c   0x00000080   Code   RO         5723    i.put_lfn           ff.o
    0x0800481c   0x0800481c   0x0000009a   Code   RO         5725    i.remove_chain      ff.o
    0x080048b6   0x080048b6   0x00000024   Code   RO         5726    i.st_clust          ff.o
    0x080048da   0x080048da   0x00000018   Code   RO         5727    i.st_dword          ff.o
    0x080048f2   0x080048f2   0x0000000c   Code   RO         5728    i.st_word           ff.o
    0x080048fe   0x080048fe   0x00000020   Code   RO         5729    i.sum_sfn           ff.o
    0x0800491e   0x0800491e   0x00000002   PAD
    0x08004920   0x08004920   0x0000008c   Code   RO         5730    i.sync_fs           ff.o
    0x080049ac   0x080049ac   0x0000004a   Code   RO         5731    i.sync_window       ff.o
    0x080049f6   0x080049f6   0x0000004c   Code   RO         5732    i.tchar2uni         ff.o
    0x08004a42   0x08004a42   0x0000003c   Code   RO         5733    i.validate          ff.o
    0x08004a7e   0x08004a7e   0x00000002   PAD
    0x08004a80   0x08004a80   0x000000bc   Data   RO         5734    .constdata          ff.o
    0x08004b3c   0x08004b3c   0x000003ae   Data   RO         6007    .constdata          ffunicode.o
    0x08004eea   0x08004eea   0x00000040   Data   RO         6377    .constdata          mc_w.l(ctype_c.o)
    0x08004f2a   0x08004f2a   0x00000002   PAD
    0x08004f2c   0x08004f2c   0x00000022   Data   RO         5385    .conststring        bsp_usart.o
    0x08004f4e   0x08004f4e   0x00000002   PAD
    0x08004f50   0x08004f50   0x00000020   Data   RO         6381    Region$$Table       anon$$obj.o


    Execution Region RW_IRAM1 (Exec base: 0x20000000, Load base: 0x08004f70, Size: 0x000045b8, Max: 0x00030000, ABSOLUTE)

    Exec Addr    Load Addr    Size         Type   Attr      Idx    E Section Name        Object

    0x20000000   0x08004f70   0x00000010   Data   RW         3076    .data               stm32f4xx_rcc.o
    0x20000010   0x08004f80   0x00000020   Data   RW         5232    .data               main.o
    0x20000030   0x08004fa0   0x00000014   Data   RW         5386    .data               bsp_usart.o
    0x20000044   0x08004fb4   0x0000000a   Data   RW         5735    .data               ff.o
    0x2000004e   0x08004fbe   0x00000002   PAD
    0x20000050   0x08004fc0   0x00000004   Data   RW         6326    .data               mc_w.l(stdout.o)
    0x20000054        -       0x00004060   Zero   RW         5231    .bss                main.o
    0x200040b4        -       0x00000100   Zero   RW         5384    .bss                bsp_usart.o
    0x200041b4   0x08004fc4   0x00000004   PAD
    0x200041b8        -       0x00000400   Zero   RW            1    STACK               startup_stm32f429_439xx.o


==============================================================================

Image component sizes


      Code (inc. data)   RO Data    RW Data    ZI Data      Debug   Object Name

        96          6          0          0          0       1321   bsp_led.o
      1010         56          0          0          0       7772   bsp_spi.o
       678        110         34         20        256      30641   bsp_usart.o
       284         10          0          0          0       7332   diskio.o
      9300        170        188         10          0      52162   ff.o
       284         32        942          0          0       2588   ffunicode.o
       864        474          0         32      16480       5104   main.o
       140         24          0          0          0       1651   misc.o
        36          8        428          0       1024        944   startup_stm32f429_439xx.o
       222          0          0          0          0       3051   stm32f4xx_gpio.o
        70          4          0          0          0       4446   stm32f4xx_it.o
       296         30          0         16          0       4210   stm32f4xx_rcc.o
       112          0          0          0          0       3694   stm32f4xx_spi.o
       354          8          0          0          0       4917   stm32f4xx_usart.o
       392         32          0          0          0     288329   system_stm32f4xx.o

    ----------------------------------------------------------------------
     14166        964       1626         80      17764     418162   Object Totals
         0          0         32          0          0          0   (incl. Generated)
        28          0          2          2          4          0   (incl. Padding)

    ----------------------------------------------------------------------

      Code (inc. data)   RO Data    RW Data    ZI Data      Debug   Library Member Name

        28          0          0          0          0         68   _chval.o
       816          6          0          0          0        112   _scanf.o
       332          0          0          0          0         96   _scanf_int.o
       342          0          0          0          0        100   _scanf_longlong.o
       224          0          0          0          0         96   _scanf_str.o
        64          0          0          0          0         84   _sgetc.o
        40          6         64          0          0         68   ctype_c.o
         0          0          0          0          0          0   entry.o
         0          0          0          0          0          0   entry10a.o
         0          0          0          0          0          0   entry11a.o
         4          0          0          0          0          0   entry12b.o
         8          4          0          0          0          0   entry2.o
         4          0          0          0          0          0   entry5.o
         0          0          0          0          0          0   entry7b.o
         0          0          0          0          0          0   entry8b.o
         8          4          0          0          0          0   entry9a.o
        30          0          0          0          0          0   handlers.o
        36          8          0          0          0         68   init.o
        10          0          0          0          0         68   isspace_c.o
         0          0          0          0          0          0   iusefp.o
        30          0          0          0          0         68   llshl.o
        32          0          0          0          0         68   llushr.o
        26          0          0          0          0         80   memcmp.o
        36          0          0          0          0         68   memcpya.o
        36          0          0          0          0        108   memseta.o
       472         14          0          0          0        184   printf3.o
        40          8          0          0          0         84   scanf_char.o
       878         12          0          0          0        216   scanf_fp.o
        56          8          0          0          0         84   sscanf.o
         0          0          0          4          0          0   stdout.o
        20          0          0          0          0         68   strchr.o
        28          0          0          0          0         76   strcmp.o
        44          0          0          0          0         80   uidiv.o
        56          0          0          0          0         88   d2f.o
       222          0          0          0          0        100   ddiv.o
       186          0          0          0          0        176   depilogue.o
        24          0          0          0          0         76   dfltul.o
       228          0          0          0          0         96   dmul.o
       110          0          0          0          0        168   fepilogue.o

    ----------------------------------------------------------------------
      4478         70         66          4          0       2648   Library Totals
         8          0          2          0          0          0   (incl. Padding)

    ----------------------------------------------------------------------

      Code (inc. data)   RO Data    RW Data    ZI Data      Debug   Library Name

      3644         70         64          4          0       1944   mc_w.l
       826          0          0          0          0        704   mf_w.l

    ----------------------------------------------------------------------
      4478         70         66          4          0       2648   Library Totals

    ----------------------------------------------------------------------

==============================================================================


      Code (inc. data)   RO Data    RW Data    ZI Data      Debug   

     18644       1034       1692         84      17764     409562   Grand Totals
     18644       1034       1692         84      17764     409562   ELF Image Totals
     18644       1034       1692         84          0          0   ROM Totals

==============================================================================

    Total RO  Size (Code + RO Data)                20336 (  19.86kB)
    Total RW  Size (RW Data + ZI Data)             17848 (  17.43kB)
    Total ROM Size (Code + RO Data + RW Data)      20420 (  19.94kB)

==============================================================================

